Archive member included because of file (symbol)

C:/Users/Antonio/Desktop/TFCMexico2014/TFC-Car/CMSIS/Lib/GCC\libarm_cortexM0l_math.a(arm_max_f32.o)
                              ./Sources/main.o (arm_max_f32)
C:/Users/Antonio/Desktop/TFCMexico2014/TFC-Car/CMSIS/Lib/GCC\libarm_cortexM0l_math.a(arm_conv_f32.o)
                              ./Sources/main.o (arm_conv_f32)
C:/Users/Antonio/Desktop/TFCMexico2014/TFC-Car/CMSIS/Lib/GCC\libarm_cortexM0l_math.a(arm_abs_f32.o)
                              ./Sources/main.o (arm_abs_f32)
C:/Freescale/CW MCU v10.6/MCU/ARM_GCC_Support/ewl/lib/armv6-m\libc.a(sscanf.o)
                              ./Sources/TFC_Sources/TFC_Terminal.o (sscanf)
C:/Freescale/CW MCU v10.6/MCU/ARM_GCC_Support/ewl/lib/armv6-m\libc.a(vsprintf.o)
                              ./Sources/TFC_Sources/TFC_Queue.o (vsprintf)
C:/Freescale/CW MCU v10.6/MCU/ARM_GCC_Support/ewl/lib/armv6-m\libc.a(vsscanf.o)
                              C:/Freescale/CW MCU v10.6/MCU/ARM_GCC_Support/ewl/lib/armv6-m\libc.a(sscanf.o) (vsscanf)
C:/Freescale/CW MCU v10.6/MCU/ARM_GCC_Support/ewl/lib/armv6-m\libc.a(exit.o)
                              ./Project_Settings/Startup_Code/__arm_start.o (exit)
C:/Freescale/CW MCU v10.6/MCU/ARM_GCC_Support/ewl/lib/armv6-m\libc.a(memcpy.o)
                              ./Sources/main.o (memcpy)
C:/Freescale/CW MCU v10.6/MCU/ARM_GCC_Support/ewl/lib/armv6-m\libc.a(memset.o)
                              ./Project_Settings/Startup_Code/__arm_start.o (memset)
C:/Freescale/CW MCU v10.6/MCU/ARM_GCC_Support/ewl/lib/armv6-m\libc.a(strcmp.o)
                              ./Sources/TFC_Sources/TFC_Terminal.o (strcmp)
C:/Freescale/CW MCU v10.6/MCU/ARM_GCC_Support/ewl/lib/armv6-m\libc.a(strcpy.o)
                              ./Sources/TFC_Sources/TFC_Terminal.o (strcpy)
C:/Freescale/CW MCU v10.6/MCU/ARM_GCC_Support/ewl/lib/armv6-m\libc.a(strlen.o)
                              ./Sources/TFC_Sources/TFC_Queue.o (strlen)
C:/Freescale/CW MCU v10.6/MCU/ARM_GCC_Support/ewl/lib/armv6-m\libc.a(printformat_.o)
                              (__pformatter_)
C:/Freescale/CW MCU v10.6/MCU/ARM_GCC_Support/ewl/lib/armv6-m\libc.a(scanformat_.o)
                              (__sformatter)
C:/Freescale/CW MCU v10.6/MCU/ARM_GCC_Support/ewl/lib/armv6-m\libc.a(ctype_aeabi.o)
                              C:/Freescale/CW MCU v10.6/MCU/ARM_GCC_Support/ewl/lib/armv6-m\libc.a(scanformat_.o) (isspace)
C:/Freescale/CW MCU v10.6/MCU/ARM_GCC_Support/ewl/lib/armv6-m\libc.a(vsnprintf.o)
                              C:/Freescale/CW MCU v10.6/MCU/ARM_GCC_Support/ewl/lib/armv6-m\libc.a(vsprintf.o) (vsnprintf)
C:/Freescale/CW MCU v10.6/MCU/ARM_GCC_Support/ewl/lib/armv6-m\libc.a(__strtoul.o)
                              C:/Freescale/CW MCU v10.6/MCU/ARM_GCC_Support/ewl/lib/armv6-m\libc.a(scanformat_.o) (__strtoul)
C:/Freescale/CW MCU v10.6/MCU/ARM_GCC_Support/ewl/lib/armv6-m\libc.a(__filll_mem.o)
                              C:/Freescale/CW MCU v10.6/MCU/ARM_GCC_Support/ewl/lib/armv6-m\libc.a(memset.o) (__fill_mem)
C:/Freescale/CW MCU v10.6/MCU/ARM_GCC_Support/ewl/lib/armv6-m\libc.a(memchr.o)
                              C:/Freescale/CW MCU v10.6/MCU/ARM_GCC_Support/ewl/lib/armv6-m\libc.a(printformat_.o) (memchr)
C:/Freescale/CW MCU v10.6/MCU/ARM_GCC_Support/ewl/lib/armv6-m\libc.a(strchr.o)
                              C:/Freescale/CW MCU v10.6/MCU/ARM_GCC_Support/ewl/lib/armv6-m\libc.a(printformat_.o) (strchr)
c:/freescale/cw mcu v10.6/cross_tools/arm-none-eabi-gcc-4_7_3/bin/../lib/gcc/arm-none-eabi/4.7.3/armv6-m\libgcc.a(_thumb1_case_sqi.o)
                              C:/Freescale/CW MCU v10.6/MCU/ARM_GCC_Support/ewl/lib/armv6-m\libc.a(__strtoul.o) (__gnu_thumb1_case_sqi)
c:/freescale/cw mcu v10.6/cross_tools/arm-none-eabi-gcc-4_7_3/bin/../lib/gcc/arm-none-eabi/4.7.3/armv6-m\libgcc.a(_thumb1_case_uqi.o)
                              C:/Freescale/CW MCU v10.6/MCU/ARM_GCC_Support/ewl/lib/armv6-m\libc.a(scanformat_.o) (__gnu_thumb1_case_uqi)
c:/freescale/cw mcu v10.6/cross_tools/arm-none-eabi-gcc-4_7_3/bin/../lib/gcc/arm-none-eabi/4.7.3/armv6-m\libgcc.a(_udivsi3.o)
                              ./Sources/TFC_Sources/TFC_UART.o (__aeabi_uidiv)
c:/freescale/cw mcu v10.6/cross_tools/arm-none-eabi-gcc-4_7_3/bin/../lib/gcc/arm-none-eabi/4.7.3/armv6-m\libgcc.a(_divsi3.o)
                              ./Sources/TFC_Sources/TFC_CrystalClock.o (__aeabi_idiv)
c:/freescale/cw mcu v10.6/cross_tools/arm-none-eabi-gcc-4_7_3/bin/../lib/gcc/arm-none-eabi/4.7.3/armv6-m\libgcc.a(_dvmd_tls.o)
                              c:/freescale/cw mcu v10.6/cross_tools/arm-none-eabi-gcc-4_7_3/bin/../lib/gcc/arm-none-eabi/4.7.3/armv6-m\libgcc.a(_udivsi3.o) (__aeabi_idiv0)
c:/freescale/cw mcu v10.6/cross_tools/arm-none-eabi-gcc-4_7_3/bin/../lib/gcc/arm-none-eabi/4.7.3/armv6-m\libgcc.a(_arm_cmpsf2.o)
                              ./Sources/main.o (__aeabi_fcmpeq)
[...]
Memory Configuration

Name             Origin             Length             Attributes
m_interrupts     0x00000000         0x000000c0         xr
m_cfmprotrom     0x00000400         0x00000010         xr
m_text           0x00000800         0x0001f800         xr
m_data           0x1ffff000         0x00004000         xrw
*default*        0x00000000         0xffffffff

Linker script and memory map

LOAD ./Project_Settings/Startup_Code/kinetis_sysinit.o
LOAD ./Project_Settings/Startup_Code/__arm_start.o
LOAD ./Project_Settings/Startup_Code/__arm_end.o
LOAD ./Sources/TFC_Sources/i2c.o
LOAD ./Sources/TFC_Sources/TPM2.o
LOAD ./Sources/TFC_Sources/TFC_arm_cm0.o
LOAD ./Sources/TFC_Sources/TFC_UART.o
LOAD ./Sources/TFC_Sources/TFC_Terminal.o
LOAD ./Sources/TFC_Sources/TFC_Queue.o
LOAD ./Sources/TFC_Sources/TFC_LineScanCamera.o
LOAD ./Sources/TFC_Sources/TFC_CrystalClock.o
LOAD ./Sources/TFC_Sources/TFC_BoardSupport.o
LOAD ./Sources/TFC_Sources/TFC_ARM_SysTick.o
LOAD ./Sources/TFC_Sources/TFC_ADC.o
LOAD ./Sources/TFC_Sources/TFC.o
LOAD ./Sources/TFC_Sources/Servo.o
LOAD ./Sources/TFC_Sources/Motor.o
LOAD ./Sources/sa_mtb.o
LOAD ./Sources/main.o
                0x00005c98                __pformatter = __pformatter_
                [0x000060c0]                __sformatter = __sformatter
LOAD C:/Users/Antonio/Desktop/TFCMexico2014/TFC-Car/CMSIS/Lib/GCC\libarm_cortexM0l_math.a
START GROUP
LOAD C:/Freescale/CW MCU v10.6/MCU/ARM_GCC_Support/ewl/lib/armv6-m\libc.a
LOAD C:/Freescale/CW MCU v10.6/MCU/ARM_GCC_Support/ewl/lib/armv6-m\libm.a
LOAD c:/freescale/cw mcu v10.6/cross_tools/arm-none-eabi-gcc-4_7_3/bin/../lib/gcc/arm-none-eabi/4.7.3/armv6-m\libgcc.a
LOAD C:/Freescale/CW MCU v10.6/MCU/ARM_GCC_Support/ewl/lib/armv6-m\librt.a
LOAD C:/Freescale/CW MCU v10.6/MCU/ARM_GCC_Support/ewl/lib/armv6-m\libuart.a
END GROUP
                0x20003000                _estack = 0x20003000
                0x20003000                __SP_INIT = _estack
                0x00000400                __heap_size = 0x400
                0x00000400                __stack_size = 0x400

.interrupts     0x00000000       0xc0
                0x00000000                __vector_table = .
                0x00000000                . = ALIGN (0x4)
 *(.vectortable)
 .vectortable   0x00000000       0xc0 ./Project_Settings/Startup_Code/kinetis_sysinit.o
                0x00000000                InterruptVector
                0x000000c0                . = ALIGN (0x4)

.cfmprotect     0x00000400        0x0
                0x00000400                . = ALIGN (0x4)
 *(.cfmconfig)
                0x00000400                . = ALIGN (0x4)

.text           0x00000800     0x6c6c
                0x00000800                . = ALIGN (0x4)
 *(.text)
 .text          0x00000800       0x14 c:/freescale/cw mcu v10.6/cross_tools/arm-none-eabi-gcc-4_7_3/bin/../lib/gcc/arm-none-eabi/4.7.3/armv6-m\libgcc.a(_thumb1_case_sqi.o)
                0x00000800                __gnu_thumb1_case_sqi
 .text          0x00000814       0x14 c:/freescale/cw mcu v10.6/cross_tools/arm-none-eabi-gcc-4_7_3/bin/../lib/gcc/arm-none-eabi/4.7.3/armv6-m\libgcc.a(_thumb1_case_uqi.o)
                0x00000814                __gnu_thumb1_case_uqi
 .text          0x00000828       0x9c c:/freescale/cw mcu v10.6/cross_tools/arm-none-eabi-gcc-4_7_3/bin/../lib/gcc/arm-none-eabi/4.7.3/armv6-m\libgcc.a(_udivsi3.o)
                0x00000828                __aeabi_uidiv
                0x00000828                __udivsi3
                0x000008b0                __aeabi_uidivmod
 .text          0x000008c4       0xc0 c:/freescale/cw mcu v10.6/cross_tools/arm-none-eabi-gcc-4_7_3/bin/../lib/gcc/arm-none-eabi/4.7.3/armv6-m\libgcc.a(_divsi3.o)
                0x000008c4                __divsi3
                0x000008c4                __aeabi_idiv
                0x00000970                __aeabi_idivmod
 .text          0x00000984        0x4 c:/freescale/cw mcu v10.6/cross_tools/arm-none-eabi-gcc-4_7_3/bin/../lib/gcc/arm-none-eabi/4.7.3/armv6-m\libgcc.a(_dvmd_tls.o)
                0x00000984                __aeabi_idiv0
                0x00000984                __aeabi_ldiv0
 .text          0x00000988       0x74 c:/freescale/cw mcu v10.6/cross_tools/arm-none-eabi-gcc-4_7_3/bin/../lib/gcc/arm-none-eabi/4.7.3/armv6-m\libgcc.a(_arm_cmpsf2.o)
                0x00000988                __aeabi_cfrcmple
                0x00000990                __aeabi_cfcmpeq
                0x00000990                __aeabi_cfcmple
                0x000009a0                __aeabi_fcmpeq
                0x000009ac                __aeabi_fcmplt
                0x000009c0                __aeabi_fcmple
                0x000009d4                __aeabi_fcmpgt
                0x000009e8                __aeabi_fcmpge
 .text          0x000009fc       0x30 c:/freescale/cw mcu v10.6/cross_tools/arm-none-eabi-gcc-4_7_3/bin/../lib/gcc/arm-none-eabi/4.7.3/armv6-m\libgcc.a(_fixunssfsi.o)
                0x000009fc                __fixunssfsi
                0x000009fc                __aeabi_f2uiz
 .text          0x00000a2c      0x3a4 c:/freescale/cw mcu v10.6/cross_tools/arm-none-eabi-gcc-4_7_3/bin/../lib/gcc/arm-none-eabi/4.7.3/armv6-m\libgcc.a(addsf3.o)
                0x00000a2c                __aeabi_fadd
 .text          0x00000dd0      0x274 c:/freescale/cw mcu v10.6/cross_tools/arm-none-eabi-gcc-4_7_3/bin/../lib/gcc/arm-none-eabi/4.7.3/armv6-m\libgcc.a(divsf3.o)
                0x00000dd0                __aeabi_fdiv
 .text          0x00001044       0x50 c:/freescale/cw mcu v10.6/cross_tools/arm-none-eabi-gcc-4_7_3/bin/../lib/gcc/arm-none-eabi/4.7.3/armv6-m\libgcc.a(eqsf2.o)
                0x00001044                __eqsf2
                0x00001044                __nesf2
 .text          0x00001094       0x90 c:/freescale/cw mcu v10.6/cross_tools/arm-none-eabi-gcc-4_7_3/bin/../lib/gcc/arm-none-eabi/4.7.3/armv6-m\libgcc.a(gesf2.o)
                0x00001094                __gesf2
                0x00001094                __gtsf2
 .text          0x00001124       0x90 c:/freescale/cw mcu v10.6/cross_tools/arm-none-eabi-gcc-4_7_3/bin/../lib/gcc/arm-none-eabi/4.7.3/armv6-m\libgcc.a(lesf2.o)
                0x00001124                __ltsf2
                0x00001124                __lesf2
 .text          0x000011b4      0x260 c:/freescale/cw mcu v10.6/cross_tools/arm-none-eabi-gcc-4_7_3/bin/../lib/gcc/arm-none-eabi/4.7.3/armv6-m\libgcc.a(mulsf3.o)
                0x000011b4                __aeabi_fmul
 .text          0x00001414      0x3ac c:/freescale/cw mcu v10.6/cross_tools/arm-none-eabi-gcc-4_7_3/bin/../lib/gcc/arm-none-eabi/4.7.3/armv6-m\libgcc.a(subsf3.o)
                0x00001414                __aeabi_fsub
 .text          0x000017c0       0x40 c:/freescale/cw mcu v10.6/cross_tools/arm-none-eabi-gcc-4_7_3/bin/../lib/gcc/arm-none-eabi/4.7.3/armv6-m\libgcc.a(fixsfsi.o)
                0x000017c0                __aeabi_f2iz
 .text          0x00001800       0xa8 c:/freescale/cw mcu v10.6/cross_tools/arm-none-eabi-gcc-4_7_3/bin/../lib/gcc/arm-none-eabi/4.7.3/armv6-m\libgcc.a(floatsisf.o)
                0x00001800                __aeabi_i2f
 .text          0x000018a8       0xa8 c:/freescale/cw mcu v10.6/cross_tools/arm-none-eabi-gcc-4_7_3/bin/../lib/gcc/arm-none-eabi/4.7.3/armv6-m\libgcc.a(floatunsisf.o)
                0x000018a8                __aeabi_ui2f
 .text          0x00001950      0x758 c:/freescale/cw mcu v10.6/cross_tools/arm-none-eabi-gcc-4_7_3/bin/../lib/gcc/arm-none-eabi/4.7.3/armv6-m\libgcc.a(adddf3.o)
                0x00001950                __aeabi_dadd
 .text          0x000020a8      0x5b8 c:/freescale/cw mcu v10.6/cross_tools/arm-none-eabi-gcc-4_7_3/bin/../lib/gcc/arm-none-eabi/4.7.3/armv6-m\libgcc.a(divdf3.o)
                0x000020a8                __aeabi_ddiv
 .text          0x00002660      0x4e4 c:/freescale/cw mcu v10.6/cross_tools/arm-none-eabi-gcc-4_7_3/bin/../lib/gcc/arm-none-eabi/4.7.3/armv6-m\libgcc.a(muldf3.o)
                0x00002660                __aeabi_dmul
 .text          0x00002b44       0x64 c:/freescale/cw mcu v10.6/cross_tools/arm-none-eabi-gcc-4_7_3/bin/../lib/gcc/arm-none-eabi/4.7.3/armv6-m\libgcc.a(floatunsidf.o)
                0x00002b44                __aeabi_ui2d
 .text          0x00002ba8       0xa8 c:/freescale/cw mcu v10.6/cross_tools/arm-none-eabi-gcc-4_7_3/bin/../lib/gcc/arm-none-eabi/4.7.3/armv6-m\libgcc.a(extendsfdf2.o)
                0x00002ba8                __aeabi_f2d
 .text          0x00002c50      0x134 c:/freescale/cw mcu v10.6/cross_tools/arm-none-eabi-gcc-4_7_3/bin/../lib/gcc/arm-none-eabi/4.7.3/armv6-m\libgcc.a(truncdfsf2.o)
                0x00002c50                __aeabi_d2f
 .text          0x00002d84       0x3c c:/freescale/cw mcu v10.6/cross_tools/arm-none-eabi-gcc-4_7_3/bin/../lib/gcc/arm-none-eabi/4.7.3/armv6-m\libgcc.a(_clzsi2.o)
                0x00002d84                __clzsi2
 *(.text*)
 .text.Default_Handler
                0x00002dc0        0xc ./Project_Settings/Startup_Code/kinetis_sysinit.o
                0x00002dc0                RTC_Alarm_IRQHandler
                0x00002dc0                I2C0_IRQHandler
                0x00002dc0                HardFault_Handler
                0x00002dc0                PendSV_Handler
                0x00002dc0                NMI_Handler
                0x00002dc0                I2C1_IRQHandler
                0x00002dc0                UART1_IRQHandler
                0x00002dc0                DMA2_IRQHandler
                0x00002dc0                TSI0_IRQHandler
                0x00002dc0                SPI1_IRQHandler
                0x00002dc0                PORTD_IRQHandler
                0x00002dc0                LPTimer_IRQHandler
                0x00002dc0                RTC_Seconds_IRQHandler
                0x00002dc0                MCG_IRQHandler
                0x00002dc0                UART2_IRQHandler
                0x00002dc0                Default_Handler
                0x00002dc0                LLW_IRQHandler
                0x00002dc0                SVC_Handler
                0x00002dc0                USBOTG_IRQHandler
                0x00002dc0                DMA3_IRQHandler
                0x00002dc0                DMA0_IRQHandler
                0x00002dc0                DAC0_IRQHandler
                0x00002dc0                PMC_IRQHandler
                0x00002dc0                SPI0_IRQHandler
                0x00002dc0                FTM0_IRQHandler
                0x00002dc0                PORTA_IRQHandler
                0x00002dc0                MCM_IRQHandler
                0x00002dc0                FTFL_IRQHandler
                0x00002dc0                CMP0_IRQHandler
                0x00002dc0                DMA1_IRQHandler
 .text.__init_hardware
                0x00002dcc       0x2c ./Project_Settings/Startup_Code/kinetis_sysinit.o
                0x00002dcc                __init_hardware
 .text.zero_fill_bss
                0x00002df8       0x24 ./Project_Settings/Startup_Code/__arm_start.o
 .text.__thumb_startup
                0x00002e1c       0x30 ./Project_Settings/Startup_Code/__arm_start.o
                0x00002e1c                __thumb_startup
 .text._ExitProcess
                0x00002e4c        0xc ./Project_Settings/Startup_Code/__arm_end.o
                0x00002e4c                _ExitProcess
 .text.FTM2_IRQHandler
                0x00002e58       0x74 ./Sources/TFC_Sources/TPM2.o
                0x00002e58                FTM2_IRQHandler
 .text.enable_irq
                0x00002ecc       0x6c ./Sources/TFC_Sources/TFC_arm_cm0.o
                0x00002ecc                enable_irq
 .text.disable_irq
                0x00002f38       0x40 ./Sources/TFC_Sources/TFC_arm_cm0.o
                0x00002f38                disable_irq
 .text.TFC_InitUARTs
                0x00002f78       0xd0 ./Sources/TFC_Sources/TFC_UART.o
                0x00002f78                TFC_InitUARTs
 .text.TFC_UART_Process
                0x00003048       0x40 ./Sources/TFC_Sources/TFC_UART.o
                0x00003048                TFC_UART_Process
 .text.UART0_IRQHandler
                0x00003088       0x78 ./Sources/TFC_Sources/TFC_UART.o
                0x00003088                UART0_IRQHandler
 .text.uart0_init
                0x00003100      0x22c ./Sources/TFC_Sources/TFC_UART.o
                0x00003100                uart0_init
 .text.TerminalBootMsg
                0x0000332c       0x6c ./Sources/TFC_Sources/TFC_Terminal.o
                0x0000332c                TerminalBootMsg
 .text.TFC_InitTerminal
                0x00003398       0x20 ./Sources/TFC_Sources/TFC_Terminal.o
                0x00003398                TFC_InitTerminal
 .text.TerminalCmd_Help
                0x000033b8       0xa4 ./Sources/TFC_Sources/TFC_Terminal.o
                0x000033b8                TerminalCmd_Help
 .text.TerminalCmd_E
                0x0000345c       0x30 ./Sources/TFC_Sources/TFC_Terminal.o
                0x0000345c                TerminalCmd_E
 .text.TerminalCmd_D
                0x0000348c       0x30 ./Sources/TFC_Sources/TFC_Terminal.o
                0x0000348c                TerminalCmd_D
 .text.TerminalCmd_GetLineScan
                0x000034bc      0x118 ./Sources/TFC_Sources/TFC_Terminal.o
                0x000034bc                TerminalCmd_GetLineScan
 .text.TerminalCmd_S
                0x000035d4       0x68 ./Sources/TFC_Sources/TFC_Terminal.o
                0x000035d4                TerminalCmd_S
 .text.TerminalCmd_H
                0x0000363c       0x68 ./Sources/TFC_Sources/TFC_Terminal.o
                0x0000363c                TerminalCmd_H
 .text.TFC_ProcessTerminal
                0x000036a4      0x2c0 ./Sources/TFC_Sources/TFC_Terminal.o
                0x000036a4                TFC_ProcessTerminal
 .text.InitByteQueue
                0x00003964       0x6c ./Sources/TFC_Sources/TFC_Queue.o
                0x00003964                InitByteQueue
 .text.BytesInQueue
                0x000039d0       0x50 ./Sources/TFC_Sources/TFC_Queue.o
                0x000039d0                BytesInQueue
 .text.ByteEnqueue
                0x00003a20       0x64 ./Sources/TFC_Sources/TFC_Queue.o
                0x00003a20                ByteEnqueue
 .text.ByteArrayEnqueue
                0x00003a84       0x58 ./Sources/TFC_Sources/TFC_Queue.o
                0x00003a84                ByteArrayEnqueue
 .text.Qprintf  0x00003adc       0x50 ./Sources/TFC_Sources/TFC_Queue.o
                0x00003adc                Qprintf
 .text.ByteDequeue
                0x00003b2c       0x5c ./Sources/TFC_Sources/TFC_Queue.o
                0x00003b2c                ByteDequeue
 .text.ForcedByteDequeue
                0x00003b88       0x58 ./Sources/TFC_Sources/TFC_Queue.o
                0x00003b88                ForcedByteDequeue
 .text.TFC_InitLineScanCamera
                0x00003be0       0xb4 ./Sources/TFC_Sources/TFC_LineScanCamera.o
                0x00003be0                TFC_InitLineScanCamera
 *fill*         0x00003c94        0x4 00
 .text.TFC_SetLineScanExposureTime
                0x00003c98       0x70 ./Sources/TFC_Sources/TFC_LineScanCamera.o
                0x00003c98                TFC_SetLineScanExposureTime
 .text.TFC_InitClock
                0x00003d08       0x24 ./Sources/TFC_Sources/TFC_CrystalClock.o
                0x00003d08                TFC_InitClock
 .text.pll_init
                0x00003d2c      0x548 ./Sources/TFC_Sources/TFC_CrystalClock.o
                0x00003d2c                pll_init
 .text.TFC_InitGPIO
                0x00004274       0xb4 ./Sources/TFC_Sources/TFC_BoardSupport.o
                0x00004274                TFC_InitGPIO
 .text.TFC_SetBatteryLED_Level
                0x00004328       0x78 ./Sources/TFC_Sources/TFC_BoardSupport.o
                0x00004328                TFC_SetBatteryLED_Level
 .text.TFC_GetDIP_Switch
                0x000043a0       0x2c ./Sources/TFC_Sources/TFC_BoardSupport.o
                0x000043a0                TFC_GetDIP_Switch
 .text.TFC_InitSysTick
                0x000043cc       0x4c ./Sources/TFC_Sources/TFC_ARM_SysTick.o
                0x000043cc                TFC_InitSysTick
 .text.SysTick_Handler
                0x00004418       0x60 ./Sources/TFC_Sources/TFC_ARM_SysTick.o
                0x00004418                SysTick_Handler
 .text.TFC_Delay_mS
                0x00004478       0x24 ./Sources/TFC_Sources/TFC_ARM_SysTick.o
                0x00004478                TFC_Delay_mS
 .text.ADC_Cal  0x0000449c      0x1b4 ./Sources/TFC_Sources/TFC_ADC.o
                0x0000449c                ADC_Cal
 .text.ADC_Config_Alt
                0x00004650       0x60 ./Sources/TFC_Sources/TFC_ADC.o
                0x00004650                ADC_Config_Alt
 .text.InitADC0
                0x000046b0       0x90 ./Sources/TFC_Sources/TFC_ADC.o
                0x000046b0                InitADC0
 .text.TFC_InitADCs
                0x00004740       0x70 ./Sources/TFC_Sources/TFC_ADC.o
                0x00004740                TFC_InitADCs
 .text.PIT_IRQHandler
                0x000047b0       0x40 ./Sources/TFC_Sources/TFC_ADC.o
                0x000047b0                PIT_IRQHandler
 .text.ADC0_IRQHandler
                0x000047f0      0x224 ./Sources/TFC_Sources/TFC_ADC.o
                0x000047f0                ADC0_IRQHandler
 .text.TFC_Init
                0x00004a14       0x2c ./Sources/TFC_Sources/TFC.o
                0x00004a14                TFC_Init
 .text.TFC_Task
                0x00004a40       0x10 ./Sources/TFC_Sources/TFC.o
                0x00004a40                TFC_Task
 .text.Move_Servo
                0x00004a50       0xb0 ./Sources/TFC_Sources/Servo.o
                0x00004a50                Move_Servo
 .text.TFC_SetServoDutyCycle
                0x00004b00       0x68 ./Sources/TFC_Sources/Servo.o
                0x00004b00                TFC_SetServoDutyCycle
 .text.FTM1_IRQHandler
                0x00004b68       0x40 ./Sources/TFC_Sources/Servo.o
                0x00004b68                FTM1_IRQHandler
 .text.Init_Servo
                0x00004ba8       0xd4 ./Sources/TFC_Sources/Servo.o
                0x00004ba8                Init_Servo
 .text.TFC_InitMotorPWM
                0x00004c7c       0xd4 ./Sources/TFC_Sources/Motor.o
                0x00004c7c                TFC_InitMotorPWM
 .text.Move_Motor
                0x00004d50      0x140 ./Sources/TFC_Sources/Motor.o
                0x00004d50                Move_Motor
 .text.main     0x00004e90      0x46c ./Sources/main.o
                0x00004e90                main
 .text.Image_Dilate
                0x000052fc      0x258 ./Sources/main.o
                0x000052fc                Image_Dilate
 .text.Calibracion
                0x00005554       0xf4 ./Sources/main.o
                0x00005554                Calibracion
 .text.Camera   0x00005648      0x278 ./Sources/main.o
                0x00005648                Camera
 .text.arm_max_f32
                0x000058c0       0x78 C:/Users/Antonio/Desktop/TFCMexico2014/TFC-Car/CMSIS/Lib/GCC\libarm_cortexM0l_math.a(arm_max_f32.o)
                0x000058c0                arm_max_f32
 .text.arm_conv_f32
                0x00005938       0x7c C:/Users/Antonio/Desktop/TFCMexico2014/TFC-Car/CMSIS/Lib/GCC\libarm_cortexM0l_math.a(arm_conv_f32.o)
                0x00005938                arm_conv_f32
 .text.arm_abs_f32
                0x000059b4       0x1c C:/Users/Antonio/Desktop/TFCMexico2014/TFC-Car/CMSIS/Lib/GCC\libarm_cortexM0l_math.a(arm_abs_f32.o)
                0x000059b4                arm_abs_f32
 .text.sscanf   0x000059d0       0x18 C:/Freescale/CW MCU v10.6/MCU/ARM_GCC_Support/ewl/lib/armv6-m\libc.a(sscanf.o)
                0x000059d0                sscanf
 .text.vsprintf
                0x000059e8       0x12 C:/Freescale/CW MCU v10.6/MCU/ARM_GCC_Support/ewl/lib/armv6-m\libc.a(vsprintf.o)
                0x000059e8                vsprintf
 .text.__StringRead
                0x000059fa       0x3c C:/Freescale/CW MCU v10.6/MCU/ARM_GCC_Support/ewl/lib/armv6-m\libc.a(vsscanf.o)
                0x000059fa                __StringRead
 *fill*         0x00005a36        0x2 00
 .text.vsscanf  0x00005a38       0x30 C:/Freescale/CW MCU v10.6/MCU/ARM_GCC_Support/ewl/lib/armv6-m\libc.a(vsscanf.o)
                0x00005a38                vsscanf
 .text.exit     0x00005a68       0x38 C:/Freescale/CW MCU v10.6/MCU/ARM_GCC_Support/ewl/lib/armv6-m\libc.a(exit.o)
                0x00005a68                exit
 .text.memcpy   0x00005aa0       0x12 C:/Freescale/CW MCU v10.6/MCU/ARM_GCC_Support/ewl/lib/armv6-m\libc.a(memcpy.o)
                0x00005aa0                memcpy
 .text.memset   0x00005ab2        0xc C:/Freescale/CW MCU v10.6/MCU/ARM_GCC_Support/ewl/lib/armv6-m\libc.a(memset.o)
                0x00005ab2                memset
 .text.strcmp   0x00005abe       0x1c C:/Freescale/CW MCU v10.6/MCU/ARM_GCC_Support/ewl/lib/armv6-m\libc.a(strcmp.o)
                0x00005abe                strcmp
 .text.strcpy   0x00005ada       0x10 C:/Freescale/CW MCU v10.6/MCU/ARM_GCC_Support/ewl/lib/armv6-m\libc.a(strcpy.o)
                0x00005ada                strcpy
 .text.strlen   0x00005aea       0x10 C:/Freescale/CW MCU v10.6/MCU/ARM_GCC_Support/ewl/lib/armv6-m\libc.a(strlen.o)
                0x00005aea                strlen
 *fill*         0x00005afa        0x2 00
 .text.long2str.isra.0
                0x00005afc      0x19c C:/Freescale/CW MCU v10.6/MCU/ARM_GCC_Support/ewl/lib/armv6-m\libc.a(printformat_.o)
 .text.__pformatter_
                0x00005c98      0x428 C:/Freescale/CW MCU v10.6/MCU/ARM_GCC_Support/ewl/lib/armv6-m\libc.a(printformat_.o)
                0x00005c98                __pformatter_
 .text.__sformatter
                0x000060c0      0x698 C:/Freescale/CW MCU v10.6/MCU/ARM_GCC_Support/ewl/lib/armv6-m\libc.a(scanformat_.o)
                0x000060c0                __sformatter
 .text.isalpha  0x00006758       0x20 C:/Freescale/CW MCU v10.6/MCU/ARM_GCC_Support/ewl/lib/armv6-m\libc.a(ctype_aeabi.o)
                0x00006758                isalpha
 .text.isspace  0x00006778       0x20 C:/Freescale/CW MCU v10.6/MCU/ARM_GCC_Support/ewl/lib/armv6-m\libc.a(ctype_aeabi.o)
                0x00006778                isspace
 .text.toupper  0x00006798        0xe C:/Freescale/CW MCU v10.6/MCU/ARM_GCC_Support/ewl/lib/armv6-m\libc.a(ctype_aeabi.o)
                0x00006798                toupper
 .text.__StringWrite
                0x000067a6       0x26 C:/Freescale/CW MCU v10.6/MCU/ARM_GCC_Support/ewl/lib/armv6-m\libc.a(vsnprintf.o)
                0x000067a6                __StringWrite
 .text.vsnprintf
                0x000067cc       0x38 C:/Freescale/CW MCU v10.6/MCU/ARM_GCC_Support/ewl/lib/armv6-m\libc.a(vsnprintf.o)
                0x000067cc                vsnprintf
 .text.__strtoul
                0x00006804      0x1ce C:/Freescale/CW MCU v10.6/MCU/ARM_GCC_Support/ewl/lib/armv6-m\libc.a(__strtoul.o)
                0x00006804                __strtoul
 .text.__fill_mem
                0x000069d2       0x7e C:/Freescale/CW MCU v10.6/MCU/ARM_GCC_Support/ewl/lib/armv6-m\libc.a(__filll_mem.o)
                0x000069d2                __fill_mem
 .text.memchr   0x00006a50       0x1a C:/Freescale/CW MCU v10.6/MCU/ARM_GCC_Support/ewl/lib/armv6-m\libc.a(memchr.o)
                0x00006a50                memchr
 .text.strchr   0x00006a6a       0x1e C:/Freescale/CW MCU v10.6/MCU/ARM_GCC_Support/ewl/lib/armv6-m\libc.a(strchr.o)
                0x00006a6a                strchr
 .text.__init_cpp
                0x00006a88       0x48 C:/Freescale/CW MCU v10.6/MCU/ARM_GCC_Support/ewl/lib/armv6-m\librt.a(gcc_ctor_dtor.o)
                0x00006a88                __init_cpp
 .text.__fini_cpp
                0x00006ad0       0x34 C:/Freescale/CW MCU v10.6/MCU/ARM_GCC_Support/ewl/lib/armv6-m\librt.a(gcc_ctor_dtor.o)
                0x00006ad0                __fini_cpp
 .text.__copy_rom_section
                0x00006b04       0x48 C:/Freescale/CW MCU v10.6/MCU/ARM_GCC_Support/ewl/lib/armv6-m\librt.a(ROMCopy.o)
                0x00006b04                __copy_rom_section
 .text.__copy_rom_sections_to_ram
                0x00006b4c       0x34 C:/Freescale/CW MCU v10.6/MCU/ARM_GCC_Support/ewl/lib/armv6-m\librt.a(ROMCopy.o)
                0x00006b4c                __copy_rom_sections_to_ram
 .text.__destroy_global_chain
                0x00006b80       0x1c C:/Freescale/CW MCU v10.6/MCU/ARM_GCC_Support/ewl/lib/armv6-m\librt.a(__arm_eabi_init.o)
                0x00006b80                __destroy_global_chain
 .text.__init_registers
                0x00006b9c       0x1c C:/Freescale/CW MCU v10.6/MCU/ARM_GCC_Support/ewl/lib/armv6-m\librt.a(__arm_eabi_init.o)
                0x00006b9c                __init_registers
 .text.__init_user
                0x00006bb8        0x4 C:/Freescale/CW MCU v10.6/MCU/ARM_GCC_Support/ewl/lib/armv6-m\librt.a(__arm_eabi_init.o)
                0x00006bb8                __init_user
 *(.rodata)
 .rodata        0x00006bbc      0x364 ./Sources/TFC_Sources/TFC_Terminal.o
 .rodata        0x00006f20      0x340 ./Sources/main.o
 .rodata        0x00007260       0x40 c:/freescale/cw mcu v10.6/cross_tools/arm-none-eabi-gcc-4_7_3/bin/../lib/gcc/arm-none-eabi/4.7.3/armv6-m\libgcc.a(divsf3.o)
 .rodata        0x000072a0       0x40 c:/freescale/cw mcu v10.6/cross_tools/arm-none-eabi-gcc-4_7_3/bin/../lib/gcc/arm-none-eabi/4.7.3/armv6-m\libgcc.a(mulsf3.o)
 .rodata        0x000072e0       0x40 c:/freescale/cw mcu v10.6/cross_tools/arm-none-eabi-gcc-4_7_3/bin/../lib/gcc/arm-none-eabi/4.7.3/armv6-m\libgcc.a(divdf3.o)
 .rodata        0x00007320       0x40 c:/freescale/cw mcu v10.6/cross_tools/arm-none-eabi-gcc-4_7_3/bin/../lib/gcc/arm-none-eabi/4.7.3/armv6-m\libgcc.a(muldf3.o)
 *(.rodata*)
 .rodata.str1.1
                0x00007360        0x1 C:/Freescale/CW MCU v10.6/MCU/ARM_GCC_Support/ewl/lib/armv6-m\libc.a(printformat_.o)
 .rodata.CSWTCH.20
                0x00007361        0x5 C:/Freescale/CW MCU v10.6/MCU/ARM_GCC_Support/ewl/lib/armv6-m\libc.a(printformat_.o)
 .rodata.CSWTCH.21
                0x00007366        0x5 C:/Freescale/CW MCU v10.6/MCU/ARM_GCC_Support/ewl/lib/armv6-m\libc.a(printformat_.o)
 .rodata.__aeabi_ctype_table_C
                0x0000736b      0x101 C:/Freescale/CW MCU v10.6/MCU/ARM_GCC_Support/ewl/lib/armv6-m\libc.a(ctype_aeabi.o)
                0x0000736b                __aeabi_ctype_table_C
 *(.glue_7)
 .glue_7        0x00000000        0x0 linker stubs
 *(.glue_7t)
 .glue_7t       0x00000000        0x0 linker stubs
 *(.eh_frame)
 *(.init)
 *(.fini)
                0x0000746c                . = ALIGN (0x4)
                0x0000746c                _etext = .

.vfp11_veneer   0x0000746c        0x0
 .vfp11_veneer  0x00000000        0x0 linker stubs

.v4_bx          0x0000746c        0x0
 .v4_bx         0x00000000        0x0 linker stubs

.iplt           0x0000746c        0x0
 .iplt          0x00000000        0x0 ./Project_Settings/Startup_Code/kinetis_sysinit.o

.rel.dyn        0x0000746c        0x0
 .rel.iplt      0x00000000        0x0 ./Project_Settings/Startup_Code/kinetis_sysinit.o

.ARM.extab
 *(.ARM.extab* .gnu.linkonce.armextab.*)

.ARM            0x0000746c        0x0
                0x0000746c                __exidx_start = .
 *(.ARM.exidx*)
                0x0000746c                __exidx_end = .

.ctors          0x0000746c        0x0
                0x0000746c                __CTOR_LIST__ = .
 *crtbegin.o(.ctors)
 *(EXCLUDE_FILE(*crtend.o) .ctors)
 *(SORT(.ctors.*))
 *(.ctors)
                0x0000746c                __CTOR_END__ = .

.dtors          0x0000746c        0x0
                0x0000746c                __DTOR_LIST__ = .
 *crtbegin.o(.dtors)
 *(EXCLUDE_FILE(*crtend.o) .dtors)
 *(SORT(.dtors.*))
 *(.dtors)
                0x0000746c                __DTOR_END__ = .

.preinit_array  0x0000746c        0x0
                0x0000746c                PROVIDE (__preinit_array_start, .)
 *(.preinit_array*)
                0x0000746c                PROVIDE (__preinit_array_end, .)

.init_array     0x0000746c        0x0
                0x0000746c                PROVIDE (__init_array_start, .)
 *(SORT(.init_array.*))
 *(.init_array*)
                0x0000746c                PROVIDE (__init_array_end, .)

.fini_array     0x0000746c        0x0
                0x0000746c                PROVIDE (__fini_array_start, .)
 *(SORT(.fini_array.*))
 *(.fini_array*)
                0x0000746c                PROVIDE (__fini_array_end, .)
                0x0000746c                ___ROM_AT = .

.mtb            0x1ffff000        0x0
                0x1ffff000                . = ALIGN (0x8)
                0x1ffff000                _mtb_start = .
 *(.mtb_buf)
                0x1ffff000                . = ALIGN (0x8)
                0x1ffff000                _mtb_end = .

.data           0x1ffff000       0x6c load address 0x0000746c
                0x1ffff000                . = ALIGN (0x4)
                0x1ffff000                _sdata = .
 *(.data)
 *(.data*)
 .data.MyTerminalCallbackRecords
                0x1ffff000       0x48 ./Sources/TFC_Sources/TFC_Terminal.o
                0x1ffff000                MyTerminalCallbackRecords
 .data.DoG      0x1ffff048       0x1c ./Sources/main.o
                0x1ffff048                DoG
 .data.RawDataLen
                0x1ffff064        0x4 ./Sources/main.o
                0x1ffff064                RawDataLen
 .data.DoGLen   0x1ffff068        0x4 ./Sources/main.o
                0x1ffff068                DoGLen
                0x1ffff06c                . = ALIGN (0x4)
                0x1ffff06c                _edata = .
                0x0000006c                ___data_size = (_edata - _sdata)

.igot.plt       0x1ffff06c        0x0 load address 0x000074d8
 .igot.plt      0x00000000        0x0 ./Project_Settings/Startup_Code/kinetis_sysinit.o
                0x1ffff06c                . = ALIGN (0x4)

.bss            0x1ffff06c     0x1c9c load address 0x000074d8
                0x1ffff06c                __START_BSS = .
                0x1ffff06c                PROVIDE (__bss_start__, __START_BSS)
 *(.bss)
 *(.bss*)
 .bss.argv      0x1ffff06c        0x4 ./Project_Settings/Startup_Code/__arm_start.o
 .bss.StringBuffer
                0x1ffff070      0x100 ./Sources/TFC_Sources/TFC_Queue.o
 .bss.LineScanImageReady
                0x1ffff170        0x1 ./Sources/TFC_Sources/TFC_LineScanCamera.o
                0x1ffff170                LineScanImageReady
 *fill*         0x1ffff171        0x3 00
 .bss.DelayTimerTick
                0x1ffff174        0x4 ./Sources/TFC_Sources/TFC_ARM_SysTick.o
 .bss.CurrentADC_State
                0x1ffff178        0x1 ./Sources/TFC_Sources/TFC_ADC.o
 .bss.CurrentLineScanPixel
                0x1ffff179        0x1 ./Sources/TFC_Sources/TFC_ADC.o
                0x1ffff179                CurrentLineScanPixel
 .bss.CurrentLineScanChannel
                0x1ffff17a        0x1 ./Sources/TFC_Sources/TFC_ADC.o
                0x1ffff17a                CurrentLineScanChannel
 *fill*         0x1ffff17b        0x1 00
 .bss.i         0x1ffff17c        0x4 ./Sources/main.o
                0x1ffff17c                i
 .bss.j         0x1ffff180        0x4 ./Sources/main.o
                0x1ffff180                j
 .bss.LeftMotor
                0x1ffff184        0x4 ./Sources/main.o
                0x1ffff184                LeftMotor
 .bss.RightMotor
                0x1ffff188        0x4 ./Sources/main.o
                0x1ffff188                RightMotor
 .bss.Servo     0x1ffff18c        0x4 ./Sources/main.o
                0x1ffff18c                Servo
 .bss.Error     0x1ffff190        0x4 ./Sources/main.o
                0x1ffff190                Error
 .bss.Prev_Error
                0x1ffff194        0x4 ./Sources/main.o
                0x1ffff194                Prev_Error
 .bss.Derivative
                0x1ffff198        0x4 ./Sources/main.o
                0x1ffff198                Derivative
 .bss.Integral  0x1ffff19c        0x4 ./Sources/main.o
                0x1ffff19c                Integral
 .bss.kd_servo  0x1ffff1a0        0x4 ./Sources/main.o
                0x1ffff1a0                kd_servo
 .bss.LeftMax   0x1ffff1a4        0x4 ./Sources/main.o
                0x1ffff1a4                LeftMax
 .bss.RightMax  0x1ffff1a8        0x4 ./Sources/main.o
                0x1ffff1a8                RightMax
 .bss.LeftIndex
                0x1ffff1ac        0x4 ./Sources/main.o
                0x1ffff1ac                LeftIndex
 .bss.RightIndex
                0x1ffff1b0        0x4 ./Sources/main.o
                0x1ffff1b0                RightIndex
 .bss.Cont      0x1ffff1b4        0x4 ./Sources/main.o
                0x1ffff1b4                Cont
 .bss.Suma      0x1ffff1b8        0x4 ./Sources/main.o
                0x1ffff1b8                Suma
 .bss.Integracion
                0x1ffff1bc        0x4 ./Sources/main.o
                0x1ffff1bc                Integracion
 .bss.__stdio_exit
                0x1ffff1c0        0x4 C:/Freescale/CW MCU v10.6/MCU/ARM_GCC_Support/ewl/lib/armv6-m\libc.a(exit.o)
                0x1ffff1c0                __stdio_exit
 .bss.__console_exit
                0x1ffff1c4        0x4 C:/Freescale/CW MCU v10.6/MCU/ARM_GCC_Support/ewl/lib/armv6-m\libc.a(exit.o)
                0x1ffff1c4                __console_exit
 .bss.__S_romp  0x1ffff1c8        0xc C:/Freescale/CW MCU v10.6/MCU/ARM_GCC_Support/ewl/lib/armv6-m\librt.a(ROMCopy.o)
 .bss.__global_destructor_chain
                0x1ffff1d4        0x4 C:/Freescale/CW MCU v10.6/MCU/ARM_GCC_Support/ewl/lib/armv6-m\librt.a(__arm_eabi_init.o)
                0x1ffff1d4                __global_destructor_chain
 *(COMMON)
 COMMON         0x1ffff1d8       0x10 ./Sources/TFC_Sources/TPM2.o
                0x1ffff1d8                Cuentas
                0x1ffff1dc                Temporal
                0x1ffff1e0                Cuentas2
                0x1ffff1e4                Temporal2
 COMMON         0x1ffff1e8      0x898 ./Sources/TFC_Sources/TFC_UART.o
                0x1ffff1e8                SDA_SERIAL_INCOMING_QUEUE
                0x1ffff1f4                SDA_SERIAL_OUTGOING_QUEUE
                0x1ffff200                SDA_SERIAL_INCOMING_QUEUE_Storage
                0x1ffff280                SDA_SERIAL_OUTGOING_QUEUE_Storage
 COMMON         0x1ffffa80       0x86 ./Sources/TFC_Sources/TFC_Terminal.o
                0x1ffffa80                CmdFound
                0x1ffffa81                NextCharIn
                0x1ffffa84                TerminalLineBuf
                0x1ffffac4                TerminalArgs
                0x1ffffae4                TerminalCmdBuf
                0x1ffffb05                TerminalPos
 *fill*         0x1ffffb06        0x2 00
 COMMON         0x1ffffb08      0x414 ./Sources/TFC_Sources/TFC_LineScanCamera.o
                0x1ffffb08                LineScanWorkingBuffer
                0x1ffffb0c                LineScanImage1
                0x1ffffb10                LineScanImage0Buffer
                0x1ffffd10                LineScanImage0WorkingBuffer
                0x1ffffd14                LineScanImage1Buffer
                0x1fffff14                LineScanImage0
                0x1fffff18                LineScanImage1WorkingBuffer
 COMMON         0x1fffff1c       0x10 ./Sources/TFC_Sources/TFC_ARM_SysTick.o
                0x1fffff1c                TFC_Ticker
 COMMON         0x1fffff2c        0x6 ./Sources/TFC_Sources/TFC_ADC.o
                0x1fffff2c                PotADC_Value
                0x1fffff30                BatSenseADC_Value
 COMMON         0x1fffff32        0x1 ./Sources/TFC_Sources/Servo.o
                0x1fffff32                ServoTickVar
 *fill*         0x1fffff33        0x1 00
 COMMON         0x1fffff34      0xdd4 ./Sources/main.o
                0x1fffff34                limitador
                0x2000011c                ConvLen
                0x20000120                Edge
                0x20000338                Out
                0x20000550                RawData
                0x20000750                RightHalf
                0x20000844                LeftHalf
                0x20000938                BinaryData
                0x20000b20                Dilate
                0x20000d08                . = ALIGN (0x4)
                0x20000d08                __END_BSS = .
                0x20000d08                PROVIDE (__bss_end__, __END_BSS)
                0x000074d8                _romp_at = (___ROM_AT + SIZEOF (.data))

.romp           0x20000d08       0x18 load address 0x000074d8
                0x000074d8                __S_romp = _romp_at
                0x20000d08        0x4 LONG 0x746c ___ROM_AT
                0x20000d0c        0x4 LONG 0x1ffff000 _sdata
                0x20000d10        0x4 LONG 0x6c ___data_size
                0x20000d14        0x4 LONG 0x0
                0x20000d18        0x4 LONG 0x0
                0x20000d1c        0x4 LONG 0x0

._user_heap_stack
                0x20000d20      0x800 load address 0x000074f0
                0x20000d20                . = ALIGN (0x4)
                0x20000d20                PROVIDE (end, .)
                0x20000d20                PROVIDE (_end, .)
                0x20000d20                __heap_addr = .
                0x20001120                . = (. + __heap_size)
 *fill*         0x20000d20      0x400 00
                0x20001520                . = (. + __stack_size)
 *fill*         0x20001120      0x400 00
                0x20001520                . = ALIGN (0x4)

.ARM.attributes
                0x00000000       0x31
 *(.ARM.attributes)
 .ARM.attributes
                0x00000000       0x31 ./Project_Settings/Startup_Code/kinetis_sysinit.o
 .ARM.attributes
                0x00000031       0x31 ./Project_Settings/Startup_Code/__arm_start.o
 .ARM.attributes
                0x00000062       0x31 ./Project_Settings/Startup_Code/__arm_end.o
 .ARM.attributes
                0x00000093       0x31 ./Sources/TFC_Sources/TPM2.o
 .ARM.attributes
                0x000000c4       0x31 ./Sources/TFC_Sources/TFC_arm_cm0.o
 .ARM.attributes
                0x000000f5       0x31 ./Sources/TFC_Sources/TFC_UART.o
 .ARM.attributes
                0x00000126       0x31 ./Sources/TFC_Sources/TFC_Terminal.o
 .ARM.attributes
                0x00000157       0x31 ./Sources/TFC_Sources/TFC_Queue.o
 .ARM.attributes
                0x00000188       0x31 ./Sources/TFC_Sources/TFC_LineScanCamera.o
 .ARM.attributes
                0x000001b9       0x31 ./Sources/TFC_Sources/TFC_CrystalClock.o
 .ARM.attributes
                0x000001ea       0x31 ./Sources/TFC_Sources/TFC_BoardSupport.o
 .ARM.attributes
                0x0000021b       0x31 ./Sources/TFC_Sources/TFC_ARM_SysTick.o
 .ARM.attributes
                0x0000024c       0x31 ./Sources/TFC_Sources/TFC_ADC.o
 .ARM.attributes
                0x0000027d       0x31 ./Sources/TFC_Sources/TFC.o
 .ARM.attributes
                0x000002ae       0x31 ./Sources/TFC_Sources/Servo.o
 .ARM.attributes
                0x000002df       0x31 ./Sources/TFC_Sources/Motor.o
 .ARM.attributes
                0x00000310       0x31 ./Sources/main.o
 .ARM.attributes
                0x00000341       0x31 C:/Users/Antonio/Desktop/TFCMexico2014/TFC-Car/CMSIS/Lib/GCC\libarm_cortexM0l_math.a(arm_max_f32.o)
 .ARM.attributes
                0x00000372       0x31 C:/Users/Antonio/Desktop/TFCMexico2014/TFC-Car/CMSIS/Lib/GCC\libarm_cortexM0l_math.a(arm_conv_f32.o)
 .ARM.attributes
                0x000003a3       0x31 C:/Users/Antonio/Desktop/TFCMexico2014/TFC-Car/CMSIS/Lib/GCC\libarm_cortexM0l_math.a(arm_abs_f32.o)
 .ARM.attributes
                0x000003d4       0x31 C:/Freescale/CW MCU v10.6/MCU/ARM_GCC_Support/ewl/lib/armv6-m\libc.a(sscanf.o)
 .ARM.attributes
                0x00000405       0x31 C:/Freescale/CW MCU v10.6/MCU/ARM_GCC_Support/ewl/lib/armv6-m\libc.a(vsprintf.o)
 .ARM.attributes
                0x00000436       0x31 C:/Freescale/CW MCU v10.6/MCU/ARM_GCC_Support/ewl/lib/armv6-m\libc.a(vsscanf.o)
 .ARM.attributes
                0x00000467       0x31 C:/Freescale/CW MCU v10.6/MCU/ARM_GCC_Support/ewl/lib/armv6-m\libc.a(exit.o)
 .ARM.attributes
                0x00000498       0x31 C:/Freescale/CW MCU v10.6/MCU/ARM_GCC_Support/ewl/lib/armv6-m\libc.a(memcpy.o)
 .ARM.attributes
                0x000004c9       0x31 C:/Freescale/CW MCU v10.6/MCU/ARM_GCC_Support/ewl/lib/armv6-m\libc.a(memset.o)
 .ARM.attributes
                0x000004fa       0x31 C:/Freescale/CW MCU v10.6/MCU/ARM_GCC_Support/ewl/lib/armv6-m\libc.a(strcmp.o)
 .ARM.attributes
                0x0000052b       0x31 C:/Freescale/CW MCU v10.6/MCU/ARM_GCC_Support/ewl/lib/armv6-m\libc.a(strcpy.o)
 .ARM.attributes
                0x0000055c       0x31 C:/Freescale/CW MCU v10.6/MCU/ARM_GCC_Support/ewl/lib/armv6-m\libc.a(strlen.o)
 .ARM.attributes
                0x0000058d       0x31 C:/Freescale/CW MCU v10.6/MCU/ARM_GCC_Support/ewl/lib/armv6-m\libc.a(printformat_.o)
 .ARM.attributes
                0x000005be       0x31 C:/Freescale/CW MCU v10.6/MCU/ARM_GCC_Support/ewl/lib/armv6-m\libc.a(scanformat_.o)
 .ARM.attributes
                0x000005ef       0x31 C:/Freescale/CW MCU v10.6/MCU/ARM_GCC_Support/ewl/lib/armv6-m\libc.a(ctype_aeabi.o)
 .ARM.attributes
                0x00000620       0x31 C:/Freescale/CW MCU v10.6/MCU/ARM_GCC_Support/ewl/lib/armv6-m\libc.a(vsnprintf.o)
 .ARM.attributes
                0x00000651       0x31 C:/Freescale/CW MCU v10.6/MCU/ARM_GCC_Support/ewl/lib/armv6-m\libc.a(__strtoul.o)
 .ARM.attributes
                0x00000682       0x31 C:/Freescale/CW MCU v10.6/MCU/ARM_GCC_Support/ewl/lib/armv6-m\libc.a(__filll_mem.o)
 .ARM.attributes
                0x000006b3       0x31 C:/Freescale/CW MCU v10.6/MCU/ARM_GCC_Support/ewl/lib/armv6-m\libc.a(memchr.o)
 .ARM.attributes
                0x000006e4       0x31 C:/Freescale/CW MCU v10.6/MCU/ARM_GCC_Support/ewl/lib/armv6-m\libc.a(strchr.o)
 .ARM.attributes
                0x00000715       0x1e c:/freescale/cw mcu v10.6/cross_tools/arm-none-eabi-gcc-4_7_3/bin/../lib/gcc/arm-none-eabi/4.7.3/armv6-m\libgcc.a(_thumb1_case_sqi.o)
 .ARM.attributes
                0x00000733       0x1e c:/freescale/cw mcu v10.6/cross_tools/arm-none-eabi-gcc-4_7_3/bin/../lib/gcc/arm-none-eabi/4.7.3/armv6-m\libgcc.a(_thumb1_case_uqi.o)
 .ARM.attributes
                0x00000751       0x1e c:/freescale/cw mcu v10.6/cross_tools/arm-none-eabi-gcc-4_7_3/bin/../lib/gcc/arm-none-eabi/4.7.3/armv6-m\libgcc.a(_udivsi3.o)
 .ARM.attributes
                0x0000076f       0x1e c:/freescale/cw mcu v10.6/cross_tools/arm-none-eabi-gcc-4_7_3/bin/../lib/gcc/arm-none-eabi/4.7.3/armv6-m\libgcc.a(_divsi3.o)
 .ARM.attributes
                0x0000078d       0x1e c:/freescale/cw mcu v10.6/cross_tools/arm-none-eabi-gcc-4_7_3/bin/../lib/gcc/arm-none-eabi/4.7.3/armv6-m\libgcc.a(_dvmd_tls.o)
 .ARM.attributes
                0x000007ab       0x1e c:/freescale/cw mcu v10.6/cross_tools/arm-none-eabi-gcc-4_7_3/bin/../lib/gcc/arm-none-eabi/4.7.3/armv6-m\libgcc.a(_arm_cmpsf2.o)
 .ARM.attributes
                0x000007c9       0x2c c:/freescale/cw mcu v10.6/cross_tools/arm-none-eabi-gcc-4_7_3/bin/../lib/gcc/arm-none-eabi/4.7.3/armv6-m\libgcc.a(_fixunssfsi.o)
 .ARM.attributes
                0x000007f5       0x2c c:/freescale/cw mcu v10.6/cross_tools/arm-none-eabi-gcc-4_7_3/bin/../lib/gcc/arm-none-eabi/4.7.3/armv6-m\libgcc.a(addsf3.o)
 .ARM.attributes
                0x00000821       0x2c c:/freescale/cw mcu v10.6/cross_tools/arm-none-eabi-gcc-4_7_3/bin/../lib/gcc/arm-none-eabi/4.7.3/armv6-m\libgcc.a(divsf3.o)
 .ARM.attributes
                0x0000084d       0x2c c:/freescale/cw mcu v10.6/cross_tools/arm-none-eabi-gcc-4_7_3/bin/../lib/gcc/arm-none-eabi/4.7.3/armv6-m\libgcc.a(eqsf2.o)
 .ARM.attributes
                0x00000879       0x2c c:/freescale/cw mcu v10.6/cross_tools/arm-none-eabi-gcc-4_7_3/bin/../lib/gcc/arm-none-eabi/4.7.3/armv6-m\libgcc.a(gesf2.o)
 .ARM.attributes
                0x000008a5       0x2c c:/freescale/cw mcu v10.6/cross_tools/arm-none-eabi-gcc-4_7_3/bin/../lib/gcc/arm-none-eabi/4.7.3/armv6-m\libgcc.a(lesf2.o)
 .ARM.attributes
                0x000008d1       0x2c c:/freescale/cw mcu v10.6/cross_tools/arm-none-eabi-gcc-4_7_3/bin/../lib/gcc/arm-none-eabi/4.7.3/armv6-m\libgcc.a(mulsf3.o)
 .ARM.attributes
                0x000008fd       0x2c c:/freescale/cw mcu v10.6/cross_tools/arm-none-eabi-gcc-4_7_3/bin/../lib/gcc/arm-none-eabi/4.7.3/armv6-m\libgcc.a(subsf3.o)
 .ARM.attributes
                0x00000929       0x2c c:/freescale/cw mcu v10.6/cross_tools/arm-none-eabi-gcc-4_7_3/bin/../lib/gcc/arm-none-eabi/4.7.3/armv6-m\libgcc.a(fixsfsi.o)
 .ARM.attributes
                0x00000955       0x2c c:/freescale/cw mcu v10.6/cross_tools/arm-none-eabi-gcc-4_7_3/bin/../lib/gcc/arm-none-eabi/4.7.3/armv6-m\libgcc.a(floatsisf.o)
 .ARM.attributes
                0x00000981       0x2c c:/freescale/cw mcu v10.6/cross_tools/arm-none-eabi-gcc-4_7_3/bin/../lib/gcc/arm-none-eabi/4.7.3/armv6-m\libgcc.a(floatunsisf.o)
 .ARM.attributes
                0x000009ad       0x2c c:/freescale/cw mcu v10.6/cross_tools/arm-none-eabi-gcc-4_7_3/bin/../lib/gcc/arm-none-eabi/4.7.3/armv6-m\libgcc.a(adddf3.o)
 .ARM.attributes
                0x000009d9       0x2c c:/freescale/cw mcu v10.6/cross_tools/arm-none-eabi-gcc-4_7_3/bin/../lib/gcc/arm-none-eabi/4.7.3/armv6-m\libgcc.a(divdf3.o)
 .ARM.attributes
                0x00000a05       0x2c c:/freescale/cw mcu v10.6/cross_tools/arm-none-eabi-gcc-4_7_3/bin/../lib/gcc/arm-none-eabi/4.7.3/armv6-m\libgcc.a(muldf3.o)
 .ARM.attributes
                0x00000a31       0x2c c:/freescale/cw mcu v10.6/cross_tools/arm-none-eabi-gcc-4_7_3/bin/../lib/gcc/arm-none-eabi/4.7.3/armv6-m\libgcc.a(floatunsidf.o)
 .ARM.attributes
                0x00000a5d       0x2c c:/freescale/cw mcu v10.6/cross_tools/arm-none-eabi-gcc-4_7_3/bin/../lib/gcc/arm-none-eabi/4.7.3/armv6-m\libgcc.a(extendsfdf2.o)
 .ARM.attributes
                0x00000a89       0x2c c:/freescale/cw mcu v10.6/cross_tools/arm-none-eabi-gcc-4_7_3/bin/../lib/gcc/arm-none-eabi/4.7.3/armv6-m\libgcc.a(truncdfsf2.o)
 .ARM.attributes
                0x00000ab5       0x1e c:/freescale/cw mcu v10.6/cross_tools/arm-none-eabi-gcc-4_7_3/bin/../lib/gcc/arm-none-eabi/4.7.3/armv6-m\libgcc.a(_clzsi2.o)
 .ARM.attributes
                0x00000ad3       0x31 C:/Freescale/CW MCU v10.6/MCU/ARM_GCC_Support/ewl/lib/armv6-m\librt.a(gcc_ctor_dtor.o)
 .ARM.attributes
                0x00000b04       0x31 C:/Freescale/CW MCU v10.6/MCU/ARM_GCC_Support/ewl/lib/armv6-m\librt.a(ROMCopy.o)
 .ARM.attributes
                0x00000b35       0x31 C:/Freescale/CW MCU v10.6/MCU/ARM_GCC_Support/ewl/lib/armv6-m\librt.a(__arm_eabi_init.o)
OUTPUT(TFC_Mexico_2014.elf elf32-littlearm)

.debug_info     0x00000000     0x7dc0
 .debug_info    0x00000000      0x447 ./Project_Settings/Startup_Code/kinetis_sysinit.o
 .debug_info    0x00000447      0x12a ./Project_Settings/Startup_Code/__arm_start.o
 .debug_info    0x00000571       0x54 ./Project_Settings/Startup_Code/__arm_end.o
 .debug_info    0x000005c5      0x5d4 ./Sources/TFC_Sources/TPM2.o
 .debug_info    0x00000b99      0x3cb ./Sources/TFC_Sources/TFC_arm_cm0.o
 .debug_info    0x00000f64      0x84b ./Sources/TFC_Sources/TFC_UART.o
 .debug_info    0x000017af      0x494 ./Sources/TFC_Sources/TFC_Terminal.o
 .debug_info    0x00001c43      0x302 ./Sources/TFC_Sources/TFC_Queue.o
 .debug_info    0x00001f45      0x5c7 ./Sources/TFC_Sources/TFC_LineScanCamera.o
 .debug_info    0x0000250c      0xda8 ./Sources/TFC_Sources/TFC_CrystalClock.o
 .debug_info    0x000032b4      0x426 ./Sources/TFC_Sources/TFC_BoardSupport.o
 .debug_info    0x000036da      0x19c ./Sources/TFC_Sources/TFC_ARM_SysTick.o
 .debug_info    0x00003876      0xb37 ./Sources/TFC_Sources/TFC_ADC.o
 .debug_info    0x000043ad       0x9e ./Sources/TFC_Sources/TFC.o
 .debug_info    0x0000444b      0x614 ./Sources/TFC_Sources/Servo.o
 .debug_info    0x00004a5f      0x495 ./Sources/TFC_Sources/Motor.o
 .debug_info    0x00004ef4      0x639 ./Sources/main.o
 .debug_info    0x0000552d      0x150 C:/Users/Antonio/Desktop/TFCMexico2014/TFC-Car/CMSIS/Lib/GCC\libarm_cortexM0l_math.a(arm_max_f32.o)
 .debug_info    0x0000567d      0x168 C:/Users/Antonio/Desktop/TFCMexico2014/TFC-Car/CMSIS/Lib/GCC\libarm_cortexM0l_math.a(arm_conv_f32.o)
 .debug_info    0x000057e5      0x10c C:/Users/Antonio/Desktop/TFCMexico2014/TFC-Car/CMSIS/Lib/GCC\libarm_cortexM0l_math.a(arm_abs_f32.o)
 .debug_info    0x000058f1      0x118 C:/Freescale/CW MCU v10.6/MCU/ARM_GCC_Support/ewl/lib/armv6-m\libc.a(sscanf.o)
 .debug_info    0x00005a09      0x12a C:/Freescale/CW MCU v10.6/MCU/ARM_GCC_Support/ewl/lib/armv6-m\libc.a(vsprintf.o)
 .debug_info    0x00005b33      0x253 C:/Freescale/CW MCU v10.6/MCU/ARM_GCC_Support/ewl/lib/armv6-m\libc.a(vsscanf.o)
 .debug_info    0x00005d86       0xe8 C:/Freescale/CW MCU v10.6/MCU/ARM_GCC_Support/ewl/lib/armv6-m\libc.a(exit.o)
 .debug_info    0x00005e6e      0x10f C:/Freescale/CW MCU v10.6/MCU/ARM_GCC_Support/ewl/lib/armv6-m\libc.a(memcpy.o)
 .debug_info    0x00005f7d       0xec C:/Freescale/CW MCU v10.6/MCU/ARM_GCC_Support/ewl/lib/armv6-m\libc.a(memset.o)
 .debug_info    0x00006069      0x114 C:/Freescale/CW MCU v10.6/MCU/ARM_GCC_Support/ewl/lib/armv6-m\libc.a(strcmp.o)
 .debug_info    0x0000617d      0x109 C:/Freescale/CW MCU v10.6/MCU/ARM_GCC_Support/ewl/lib/armv6-m\libc.a(strcpy.o)
 .debug_info    0x00006286       0xea C:/Freescale/CW MCU v10.6/MCU/ARM_GCC_Support/ewl/lib/armv6-m\libc.a(strlen.o)
 .debug_info    0x00006370      0x50d C:/Freescale/CW MCU v10.6/MCU/ARM_GCC_Support/ewl/lib/armv6-m\libc.a(printformat_.o)
 .debug_info    0x0000687d      0x568 C:/Freescale/CW MCU v10.6/MCU/ARM_GCC_Support/ewl/lib/armv6-m\libc.a(scanformat_.o)
 .debug_info    0x00006de5      0x313 C:/Freescale/CW MCU v10.6/MCU/ARM_GCC_Support/ewl/lib/armv6-m\libc.a(ctype_aeabi.o)
 .debug_info    0x000070f8      0x205 C:/Freescale/CW MCU v10.6/MCU/ARM_GCC_Support/ewl/lib/armv6-m\libc.a(vsnprintf.o)
 .debug_info    0x000072fd      0x1d6 C:/Freescale/CW MCU v10.6/MCU/ARM_GCC_Support/ewl/lib/armv6-m\libc.a(__strtoul.o)
 .debug_info    0x000074d3      0x137 C:/Freescale/CW MCU v10.6/MCU/ARM_GCC_Support/ewl/lib/armv6-m\libc.a(__filll_mem.o)
 .debug_info    0x0000760a      0x121 C:/Freescale/CW MCU v10.6/MCU/ARM_GCC_Support/ewl/lib/armv6-m\libc.a(memchr.o)
 .debug_info    0x0000772b      0x10b C:/Freescale/CW MCU v10.6/MCU/ARM_GCC_Support/ewl/lib/armv6-m\libc.a(strchr.o)
 .debug_info    0x00007836      0x136 C:/Freescale/CW MCU v10.6/MCU/ARM_GCC_Support/ewl/lib/armv6-m\librt.a(gcc_ctor_dtor.o)
 .debug_info    0x0000796c      0x19b C:/Freescale/CW MCU v10.6/MCU/ARM_GCC_Support/ewl/lib/armv6-m\librt.a(ROMCopy.o)
 .debug_info    0x00007b07      0x2b9 C:/Freescale/CW MCU v10.6/MCU/ARM_GCC_Support/ewl/lib/armv6-m\librt.a(__arm_eabi_init.o)

.debug_abbrev   0x00000000     0x2436
 .debug_abbrev  0x00000000       0xe7 ./Project_Settings/Startup_Code/kinetis_sysinit.o
 .debug_abbrev  0x000000e7       0x92 ./Project_Settings/Startup_Code/__arm_start.o
 .debug_abbrev  0x00000179       0x4c ./Project_Settings/Startup_Code/__arm_end.o
 .debug_abbrev  0x000001c5       0xf2 ./Sources/TFC_Sources/TPM2.o
 .debug_abbrev  0x000002b7      0x102 ./Sources/TFC_Sources/TFC_arm_cm0.o
 .debug_abbrev  0x000003b9      0x180 ./Sources/TFC_Sources/TFC_UART.o
 .debug_abbrev  0x00000539      0x143 ./Sources/TFC_Sources/TFC_Terminal.o
 .debug_abbrev  0x0000067c      0x107 ./Sources/TFC_Sources/TFC_Queue.o
 .debug_abbrev  0x00000783      0x10f ./Sources/TFC_Sources/TFC_LineScanCamera.o
 .debug_abbrev  0x00000892      0x1a0 ./Sources/TFC_Sources/TFC_CrystalClock.o
 .debug_abbrev  0x00000a32      0x106 ./Sources/TFC_Sources/TFC_BoardSupport.o
 .debug_abbrev  0x00000b38       0xfb ./Sources/TFC_Sources/TFC_ARM_SysTick.o
 .debug_abbrev  0x00000c33      0x1d5 ./Sources/TFC_Sources/TFC_ADC.o
 .debug_abbrev  0x00000e08       0x3b ./Sources/TFC_Sources/TFC.o
 .debug_abbrev  0x00000e43      0x116 ./Sources/TFC_Sources/Servo.o
 .debug_abbrev  0x00000f59       0xef ./Sources/TFC_Sources/Motor.o
 .debug_abbrev  0x00001048      0x157 ./Sources/main.o
 .debug_abbrev  0x0000119f       0xa3 C:/Users/Antonio/Desktop/TFCMexico2014/TFC-Car/CMSIS/Lib/GCC\libarm_cortexM0l_math.a(arm_max_f32.o)
 .debug_abbrev  0x00001242       0xa3 C:/Users/Antonio/Desktop/TFCMexico2014/TFC-Car/CMSIS/Lib/GCC\libarm_cortexM0l_math.a(arm_conv_f32.o)
 .debug_abbrev  0x000012e5       0x85 C:/Users/Antonio/Desktop/TFCMexico2014/TFC-Car/CMSIS/Lib/GCC\libarm_cortexM0l_math.a(arm_abs_f32.o)
 .debug_abbrev  0x0000136a       0xb1 C:/Freescale/CW MCU v10.6/MCU/ARM_GCC_Support/ewl/lib/armv6-m\libc.a(sscanf.o)
 .debug_abbrev  0x0000141b       0x9d C:/Freescale/CW MCU v10.6/MCU/ARM_GCC_Support/ewl/lib/armv6-m\libc.a(vsprintf.o)
 .debug_abbrev  0x000014b8      0x15f C:/Freescale/CW MCU v10.6/MCU/ARM_GCC_Support/ewl/lib/armv6-m\libc.a(vsscanf.o)
 .debug_abbrev  0x00001617       0x7a C:/Freescale/CW MCU v10.6/MCU/ARM_GCC_Support/ewl/lib/armv6-m\libc.a(exit.o)
 .debug_abbrev  0x00001691       0x95 C:/Freescale/CW MCU v10.6/MCU/ARM_GCC_Support/ewl/lib/armv6-m\libc.a(memcpy.o)
 .debug_abbrev  0x00001726       0x62 C:/Freescale/CW MCU v10.6/MCU/ARM_GCC_Support/ewl/lib/armv6-m\libc.a(memset.o)
 .debug_abbrev  0x00001788       0x89 C:/Freescale/CW MCU v10.6/MCU/ARM_GCC_Support/ewl/lib/armv6-m\libc.a(strcmp.o)
 .debug_abbrev  0x00001811       0x78 C:/Freescale/CW MCU v10.6/MCU/ARM_GCC_Support/ewl/lib/armv6-m\libc.a(strcpy.o)
 .debug_abbrev  0x00001889       0x7a C:/Freescale/CW MCU v10.6/MCU/ARM_GCC_Support/ewl/lib/armv6-m\libc.a(strlen.o)
 .debug_abbrev  0x00001903      0x200 C:/Freescale/CW MCU v10.6/MCU/ARM_GCC_Support/ewl/lib/armv6-m\libc.a(printformat_.o)
 .debug_abbrev  0x00001b03      0x1f0 C:/Freescale/CW MCU v10.6/MCU/ARM_GCC_Support/ewl/lib/armv6-m\libc.a(scanformat_.o)
 .debug_abbrev  0x00001cf3       0x9e C:/Freescale/CW MCU v10.6/MCU/ARM_GCC_Support/ewl/lib/armv6-m\libc.a(ctype_aeabi.o)
 .debug_abbrev  0x00001d91       0xf0 C:/Freescale/CW MCU v10.6/MCU/ARM_GCC_Support/ewl/lib/armv6-m\libc.a(vsnprintf.o)
 .debug_abbrev  0x00001e81       0xc2 C:/Freescale/CW MCU v10.6/MCU/ARM_GCC_Support/ewl/lib/armv6-m\libc.a(__strtoul.o)
 .debug_abbrev  0x00001f43       0x78 C:/Freescale/CW MCU v10.6/MCU/ARM_GCC_Support/ewl/lib/armv6-m\libc.a(__filll_mem.o)
 .debug_abbrev  0x00001fbb       0x95 C:/Freescale/CW MCU v10.6/MCU/ARM_GCC_Support/ewl/lib/armv6-m\libc.a(memchr.o)
 .debug_abbrev  0x00002050       0x7a C:/Freescale/CW MCU v10.6/MCU/ARM_GCC_Support/ewl/lib/armv6-m\libc.a(strchr.o)
 .debug_abbrev  0x000020ca       0x99 C:/Freescale/CW MCU v10.6/MCU/ARM_GCC_Support/ewl/lib/armv6-m\librt.a(gcc_ctor_dtor.o)
 .debug_abbrev  0x00002163      0x120 C:/Freescale/CW MCU v10.6/MCU/ARM_GCC_Support/ewl/lib/armv6-m\librt.a(ROMCopy.o)
 .debug_abbrev  0x00002283      0x1b3 C:/Freescale/CW MCU v10.6/MCU/ARM_GCC_Support/ewl/lib/armv6-m\librt.a(__arm_eabi_init.o)

.debug_loc      0x00000000     0x4187
 .debug_loc     0x00000000       0x58 ./Project_Settings/Startup_Code/kinetis_sysinit.o
 .debug_loc     0x00000058       0x2c ./Project_Settings/Startup_Code/__arm_start.o
 .debug_loc     0x00000084       0x38 ./Project_Settings/Startup_Code/__arm_end.o
 .debug_loc     0x000000bc       0x58 ./Sources/TFC_Sources/TPM2.o
 .debug_loc     0x00000114      0x138 ./Sources/TFC_Sources/TFC_arm_cm0.o
 .debug_loc     0x0000024c      0x170 ./Sources/TFC_Sources/TFC_UART.o
 .debug_loc     0x000003bc      0x218 ./Sources/TFC_Sources/TFC_Terminal.o
 .debug_loc     0x000005d4      0x194 ./Sources/TFC_Sources/TFC_Queue.o
 .debug_loc     0x00000768       0x64 ./Sources/TFC_Sources/TFC_LineScanCamera.o
 .debug_loc     0x000007cc      0x614 ./Sources/TFC_Sources/TFC_CrystalClock.o
 .debug_loc     0x00000de0       0x9c ./Sources/TFC_Sources/TFC_BoardSupport.o
 .debug_loc     0x00000e7c       0xa8 ./Sources/TFC_Sources/TFC_ARM_SysTick.o
 .debug_loc     0x00000f24      0x1d4 ./Sources/TFC_Sources/TFC_ADC.o
 .debug_loc     0x000010f8       0x58 ./Sources/TFC_Sources/TFC.o
 .debug_loc     0x00001150       0xc8 ./Sources/TFC_Sources/Servo.o
 .debug_loc     0x00001218       0x64 ./Sources/TFC_Sources/Motor.o
 .debug_loc     0x0000127c       0xd8 ./Sources/main.o
 .debug_loc     0x00001354      0x19f C:/Users/Antonio/Desktop/TFCMexico2014/TFC-Car/CMSIS/Lib/GCC\libarm_cortexM0l_math.a(arm_max_f32.o)
 .debug_loc     0x000014f3      0x166 C:/Users/Antonio/Desktop/TFCMexico2014/TFC-Car/CMSIS/Lib/GCC\libarm_cortexM0l_math.a(arm_conv_f32.o)
 .debug_loc     0x00001659       0xab C:/Users/Antonio/Desktop/TFCMexico2014/TFC-Car/CMSIS/Lib/GCC\libarm_cortexM0l_math.a(arm_abs_f32.o)
 .debug_loc     0x00001704       0x3f C:/Freescale/CW MCU v10.6/MCU/ARM_GCC_Support/ewl/lib/armv6-m\libc.a(sscanf.o)
 .debug_loc     0x00001743       0x64 C:/Freescale/CW MCU v10.6/MCU/ARM_GCC_Support/ewl/lib/armv6-m\libc.a(vsprintf.o)
 .debug_loc     0x000017a7      0x16c C:/Freescale/CW MCU v10.6/MCU/ARM_GCC_Support/ewl/lib/armv6-m\libc.a(vsscanf.o)
 .debug_loc     0x00001913       0x3e C:/Freescale/CW MCU v10.6/MCU/ARM_GCC_Support/ewl/lib/armv6-m\libc.a(exit.o)
 .debug_loc     0x00001951       0x59 C:/Freescale/CW MCU v10.6/MCU/ARM_GCC_Support/ewl/lib/armv6-m\libc.a(memcpy.o)
 .debug_loc     0x000019aa       0x6f C:/Freescale/CW MCU v10.6/MCU/ARM_GCC_Support/ewl/lib/armv6-m\libc.a(memset.o)
 .debug_loc     0x00001a19       0x64 C:/Freescale/CW MCU v10.6/MCU/ARM_GCC_Support/ewl/lib/armv6-m\libc.a(strcmp.o)
 .debug_loc     0x00001a7d       0x20 C:/Freescale/CW MCU v10.6/MCU/ARM_GCC_Support/ewl/lib/armv6-m\libc.a(strcpy.o)
 .debug_loc     0x00001a9d       0x33 C:/Freescale/CW MCU v10.6/MCU/ARM_GCC_Support/ewl/lib/armv6-m\libc.a(strlen.o)
 .debug_loc     0x00001ad0     0x104b C:/Freescale/CW MCU v10.6/MCU/ARM_GCC_Support/ewl/lib/armv6-m\libc.a(printformat_.o)
 .debug_loc     0x00002b1b      0x9d8 C:/Freescale/CW MCU v10.6/MCU/ARM_GCC_Support/ewl/lib/armv6-m\libc.a(scanformat_.o)
 .debug_loc     0x000034f3      0x30d C:/Freescale/CW MCU v10.6/MCU/ARM_GCC_Support/ewl/lib/armv6-m\libc.a(ctype_aeabi.o)
 .debug_loc     0x00003800      0x105 C:/Freescale/CW MCU v10.6/MCU/ARM_GCC_Support/ewl/lib/armv6-m\libc.a(vsnprintf.o)
 .debug_loc     0x00003905      0x305 C:/Freescale/CW MCU v10.6/MCU/ARM_GCC_Support/ewl/lib/armv6-m\libc.a(__strtoul.o)
 .debug_loc     0x00003c0a      0x14a C:/Freescale/CW MCU v10.6/MCU/ARM_GCC_Support/ewl/lib/armv6-m\libc.a(__filll_mem.o)
 .debug_loc     0x00003d54       0x77 C:/Freescale/CW MCU v10.6/MCU/ARM_GCC_Support/ewl/lib/armv6-m\libc.a(memchr.o)
 .debug_loc     0x00003dcb       0xaf C:/Freescale/CW MCU v10.6/MCU/ARM_GCC_Support/ewl/lib/armv6-m\libc.a(strchr.o)
 .debug_loc     0x00003e7a       0x9d C:/Freescale/CW MCU v10.6/MCU/ARM_GCC_Support/ewl/lib/armv6-m\librt.a(gcc_ctor_dtor.o)
 .debug_loc     0x00003f17       0xd9 C:/Freescale/CW MCU v10.6/MCU/ARM_GCC_Support/ewl/lib/armv6-m\librt.a(ROMCopy.o)
 .debug_loc     0x00003ff0      0x197 C:/Freescale/CW MCU v10.6/MCU/ARM_GCC_Support/ewl/lib/armv6-m\librt.a(__arm_eabi_init.o)

.debug_aranges  0x00000000      0x840
 .debug_aranges
                0x00000000       0x28 ./Project_Settings/Startup_Code/kinetis_sysinit.o
 .debug_aranges
                0x00000028       0x30 ./Project_Settings/Startup_Code/__arm_start.o
 .debug_aranges
                0x00000058       0x20 ./Project_Settings/Startup_Code/__arm_end.o
 .debug_aranges
                0x00000078       0x28 ./Sources/TFC_Sources/TPM2.o
 .debug_aranges
                0x000000a0       0x48 ./Sources/TFC_Sources/TFC_arm_cm0.o
 .debug_aranges
                0x000000e8       0x50 ./Sources/TFC_Sources/TFC_UART.o
 .debug_aranges
                0x00000138       0x68 ./Sources/TFC_Sources/TFC_Terminal.o
 .debug_aranges
                0x000001a0       0x50 ./Sources/TFC_Sources/TFC_Queue.o
 .debug_aranges
                0x000001f0       0x28 ./Sources/TFC_Sources/TFC_LineScanCamera.o
 .debug_aranges
                0x00000218       0xf8 ./Sources/TFC_Sources/TFC_CrystalClock.o
 .debug_aranges
                0x00000310       0x30 ./Sources/TFC_Sources/TFC_BoardSupport.o
 .debug_aranges
                0x00000340       0x30 ./Sources/TFC_Sources/TFC_ARM_SysTick.o
 .debug_aranges
                0x00000370       0x60 ./Sources/TFC_Sources/TFC_ADC.o
 .debug_aranges
                0x000003d0       0x28 ./Sources/TFC_Sources/TFC.o
 .debug_aranges
                0x000003f8       0x38 ./Sources/TFC_Sources/Servo.o
 .debug_aranges
                0x00000430       0x28 ./Sources/TFC_Sources/Motor.o
 .debug_aranges
                0x00000458       0x38 ./Sources/main.o
 .debug_aranges
                0x00000490       0x20 C:/Users/Antonio/Desktop/TFCMexico2014/TFC-Car/CMSIS/Lib/GCC\libarm_cortexM0l_math.a(arm_max_f32.o)
 .debug_aranges
                0x000004b0       0x20 C:/Users/Antonio/Desktop/TFCMexico2014/TFC-Car/CMSIS/Lib/GCC\libarm_cortexM0l_math.a(arm_conv_f32.o)
 .debug_aranges
                0x000004d0       0x20 C:/Users/Antonio/Desktop/TFCMexico2014/TFC-Car/CMSIS/Lib/GCC\libarm_cortexM0l_math.a(arm_abs_f32.o)
 .debug_aranges
                0x000004f0       0x20 C:/Freescale/CW MCU v10.6/MCU/ARM_GCC_Support/ewl/lib/armv6-m\libc.a(sscanf.o)
 .debug_aranges
                0x00000510       0x20 C:/Freescale/CW MCU v10.6/MCU/ARM_GCC_Support/ewl/lib/armv6-m\libc.a(vsprintf.o)
 .debug_aranges
                0x00000530       0x28 C:/Freescale/CW MCU v10.6/MCU/ARM_GCC_Support/ewl/lib/armv6-m\libc.a(vsscanf.o)
 .debug_aranges
                0x00000558       0x20 C:/Freescale/CW MCU v10.6/MCU/ARM_GCC_Support/ewl/lib/armv6-m\libc.a(exit.o)
 .debug_aranges
                0x00000578       0x20 C:/Freescale/CW MCU v10.6/MCU/ARM_GCC_Support/ewl/lib/armv6-m\libc.a(memcpy.o)
 .debug_aranges
                0x00000598       0x20 C:/Freescale/CW MCU v10.6/MCU/ARM_GCC_Support/ewl/lib/armv6-m\libc.a(memset.o)
 .debug_aranges
                0x000005b8       0x20 C:/Freescale/CW MCU v10.6/MCU/ARM_GCC_Support/ewl/lib/armv6-m\libc.a(strcmp.o)
 .debug_aranges
                0x000005d8       0x20 C:/Freescale/CW MCU v10.6/MCU/ARM_GCC_Support/ewl/lib/armv6-m\libc.a(strcpy.o)
 .debug_aranges
                0x000005f8       0x20 C:/Freescale/CW MCU v10.6/MCU/ARM_GCC_Support/ewl/lib/armv6-m\libc.a(strlen.o)
 .debug_aranges
                0x00000618       0x28 C:/Freescale/CW MCU v10.6/MCU/ARM_GCC_Support/ewl/lib/armv6-m\libc.a(printformat_.o)
 .debug_aranges
                0x00000640       0x20 C:/Freescale/CW MCU v10.6/MCU/ARM_GCC_Support/ewl/lib/armv6-m\libc.a(scanformat_.o)
 .debug_aranges
                0x00000660       0x88 C:/Freescale/CW MCU v10.6/MCU/ARM_GCC_Support/ewl/lib/armv6-m\libc.a(ctype_aeabi.o)
 .debug_aranges
                0x000006e8       0x28 C:/Freescale/CW MCU v10.6/MCU/ARM_GCC_Support/ewl/lib/armv6-m\libc.a(vsnprintf.o)
 .debug_aranges
                0x00000710       0x20 C:/Freescale/CW MCU v10.6/MCU/ARM_GCC_Support/ewl/lib/armv6-m\libc.a(__strtoul.o)
 .debug_aranges
                0x00000730       0x20 C:/Freescale/CW MCU v10.6/MCU/ARM_GCC_Support/ewl/lib/armv6-m\libc.a(__filll_mem.o)
 .debug_aranges
                0x00000750       0x20 C:/Freescale/CW MCU v10.6/MCU/ARM_GCC_Support/ewl/lib/armv6-m\libc.a(memchr.o)
 .debug_aranges
                0x00000770       0x20 C:/Freescale/CW MCU v10.6/MCU/ARM_GCC_Support/ewl/lib/armv6-m\libc.a(strchr.o)
 .debug_aranges
                0x00000790       0x28 C:/Freescale/CW MCU v10.6/MCU/ARM_GCC_Support/ewl/lib/armv6-m\librt.a(gcc_ctor_dtor.o)
 .debug_aranges
                0x000007b8       0x30 C:/Freescale/CW MCU v10.6/MCU/ARM_GCC_Support/ewl/lib/armv6-m\librt.a(ROMCopy.o)
 .debug_aranges
                0x000007e8       0x58 C:/Freescale/CW MCU v10.6/MCU/ARM_GCC_Support/ewl/lib/armv6-m\librt.a(__arm_eabi_init.o)

.debug_macinfo  0x00000000   0x256bd9
 .debug_macinfo
                0x00000000    0x264fd ./Project_Settings/Startup_Code/kinetis_sysinit.o
 .debug_macinfo
                0x000264fd     0x3e82 ./Project_Settings/Startup_Code/__arm_start.o
 .debug_macinfo
                0x0002a37f     0x346b ./Project_Settings/Startup_Code/__arm_end.o
 .debug_macinfo
                0x0002d7ea    0x275fc ./Sources/TFC_Sources/TPM2.o
 .debug_macinfo
                0x00054de6    0x26574 ./Sources/TFC_Sources/TFC_arm_cm0.o
 .debug_macinfo
                0x0007b35a    0x275f4 ./Sources/TFC_Sources/TFC_UART.o
 .debug_macinfo
                0x000a294e    0x27688 ./Sources/TFC_Sources/TFC_Terminal.o
 .debug_macinfo
                0x000c9fd6    0x275f4 ./Sources/TFC_Sources/TFC_Queue.o
 .debug_macinfo
                0x000f15ca    0x275f4 ./Sources/TFC_Sources/TFC_LineScanCamera.o
 .debug_macinfo
                0x00118bbe    0x276f0 ./Sources/TFC_Sources/TFC_CrystalClock.o
 .debug_macinfo
                0x001402ae    0x275f4 ./Sources/TFC_Sources/TFC_BoardSupport.o
 .debug_macinfo
                0x001678a2    0x275f4 ./Sources/TFC_Sources/TFC_ARM_SysTick.o
 .debug_macinfo
                0x0018ee96    0x27eb6 ./Sources/TFC_Sources/TFC_ADC.o
 .debug_macinfo
                0x001b6d4c    0x275f4 ./Sources/TFC_Sources/TFC.o
 .debug_macinfo
                0x001de340    0x276bd ./Sources/TFC_Sources/Servo.o
 .debug_macinfo
                0x002059fd    0x276a1 ./Sources/TFC_Sources/Motor.o
 .debug_macinfo
                0x0022d09e    0x29b3b ./Sources/main.o

.debug_line     0x00000000     0x6470
 .debug_line    0x00000000      0x22c ./Project_Settings/Startup_Code/kinetis_sysinit.o
 .debug_line    0x0000022c      0x2af ./Project_Settings/Startup_Code/__arm_start.o
 .debug_line    0x000004db      0x266 ./Project_Settings/Startup_Code/__arm_end.o
 .debug_line    0x00000741      0x442 ./Sources/TFC_Sources/TPM2.o
 .debug_line    0x00000b83      0x2ca ./Sources/TFC_Sources/TFC_arm_cm0.o
 .debug_line    0x00000e4d      0x4d5 ./Sources/TFC_Sources/TFC_UART.o
 .debug_line    0x00001322      0x543 ./Sources/TFC_Sources/TFC_Terminal.o
 .debug_line    0x00001865      0x4af ./Sources/TFC_Sources/TFC_Queue.o
 .debug_line    0x00001d14      0x43e ./Sources/TFC_Sources/TFC_LineScanCamera.o
 .debug_line    0x00002152      0xb70 ./Sources/TFC_Sources/TFC_CrystalClock.o
 .debug_line    0x00002cc2      0x45c ./Sources/TFC_Sources/TFC_BoardSupport.o
 .debug_line    0x0000311e      0x450 ./Sources/TFC_Sources/TFC_ARM_SysTick.o
 .debug_line    0x0000356e      0x542 ./Sources/TFC_Sources/TFC_ADC.o
 .debug_line    0x00003ab0      0x427 ./Sources/TFC_Sources/TFC.o
 .debug_line    0x00003ed7      0x460 ./Sources/TFC_Sources/Servo.o
 .debug_line    0x00004337      0x452 ./Sources/TFC_Sources/Motor.o
 .debug_line    0x00004789      0x642 ./Sources/main.o
 .debug_line    0x00004dcb      0x155 C:/Users/Antonio/Desktop/TFCMexico2014/TFC-Car/CMSIS/Lib/GCC\libarm_cortexM0l_math.a(arm_max_f32.o)
 .debug_line    0x00004f20      0x16e C:/Users/Antonio/Desktop/TFCMexico2014/TFC-Car/CMSIS/Lib/GCC\libarm_cortexM0l_math.a(arm_conv_f32.o)
 .debug_line    0x0000508e      0x144 C:/Users/Antonio/Desktop/TFCMexico2014/TFC-Car/CMSIS/Lib/GCC\libarm_cortexM0l_math.a(arm_abs_f32.o)
 .debug_line    0x000051d2       0x92 C:/Freescale/CW MCU v10.6/MCU/ARM_GCC_Support/ewl/lib/armv6-m\libc.a(sscanf.o)
 .debug_line    0x00005264       0x94 C:/Freescale/CW MCU v10.6/MCU/ARM_GCC_Support/ewl/lib/armv6-m\libc.a(vsprintf.o)
 .debug_line    0x000052f8       0xc8 C:/Freescale/CW MCU v10.6/MCU/ARM_GCC_Support/ewl/lib/armv6-m\libc.a(vsscanf.o)
 .debug_line    0x000053c0       0x8d C:/Freescale/CW MCU v10.6/MCU/ARM_GCC_Support/ewl/lib/armv6-m\libc.a(exit.o)
 .debug_line    0x0000544d       0x8b C:/Freescale/CW MCU v10.6/MCU/ARM_GCC_Support/ewl/lib/armv6-m\libc.a(memcpy.o)
 .debug_line    0x000054d8       0x90 C:/Freescale/CW MCU v10.6/MCU/ARM_GCC_Support/ewl/lib/armv6-m\libc.a(memset.o)
 .debug_line    0x00005568       0x83 C:/Freescale/CW MCU v10.6/MCU/ARM_GCC_Support/ewl/lib/armv6-m\libc.a(strcmp.o)
 .debug_line    0x000055eb       0x7d C:/Freescale/CW MCU v10.6/MCU/ARM_GCC_Support/ewl/lib/armv6-m\libc.a(strcpy.o)
 .debug_line    0x00005668       0x85 C:/Freescale/CW MCU v10.6/MCU/ARM_GCC_Support/ewl/lib/armv6-m\libc.a(strlen.o)
 .debug_line    0x000056ed      0x2c3 C:/Freescale/CW MCU v10.6/MCU/ARM_GCC_Support/ewl/lib/armv6-m\libc.a(printformat_.o)
 .debug_line    0x000059b0      0x2be C:/Freescale/CW MCU v10.6/MCU/ARM_GCC_Support/ewl/lib/armv6-m\libc.a(scanformat_.o)
 .debug_line    0x00005c6e      0x1be C:/Freescale/CW MCU v10.6/MCU/ARM_GCC_Support/ewl/lib/armv6-m\libc.a(ctype_aeabi.o)
 .debug_line    0x00005e2c       0xd4 C:/Freescale/CW MCU v10.6/MCU/ARM_GCC_Support/ewl/lib/armv6-m\libc.a(vsnprintf.o)
 .debug_line    0x00005f00      0x11e C:/Freescale/CW MCU v10.6/MCU/ARM_GCC_Support/ewl/lib/armv6-m\libc.a(__strtoul.o)
 .debug_line    0x0000601e       0xf6 C:/Freescale/CW MCU v10.6/MCU/ARM_GCC_Support/ewl/lib/armv6-m\libc.a(__filll_mem.o)
 .debug_line    0x00006114       0x9f C:/Freescale/CW MCU v10.6/MCU/ARM_GCC_Support/ewl/lib/armv6-m\libc.a(memchr.o)
 .debug_line    0x000061b3       0x7d C:/Freescale/CW MCU v10.6/MCU/ARM_GCC_Support/ewl/lib/armv6-m\libc.a(strchr.o)
 .debug_line    0x00006230       0x6c C:/Freescale/CW MCU v10.6/MCU/ARM_GCC_Support/ewl/lib/armv6-m\librt.a(gcc_ctor_dtor.o)
 .debug_line    0x0000629c       0xbd C:/Freescale/CW MCU v10.6/MCU/ARM_GCC_Support/ewl/lib/armv6-m\librt.a(ROMCopy.o)
 .debug_line    0x00006359      0x117 C:/Freescale/CW MCU v10.6/MCU/ARM_GCC_Support/ewl/lib/armv6-m\librt.a(__arm_eabi_init.o)

.debug_str      0x00000000     0x200e
 .debug_str     0x00000000      0x2a4 ./Project_Settings/Startup_Code/kinetis_sysinit.o
                                0x2d4 (size before relaxing)
 .debug_str     0x000002a4       0x85 ./Project_Settings/Startup_Code/__arm_start.o
                                0x1ae (size before relaxing)
 .debug_str     0x00000329       0x41 ./Project_Settings/Startup_Code/__arm_end.o
                                 0xe5 (size before relaxing)
 .debug_str     0x0000036a      0x2f3 ./Sources/TFC_Sources/TPM2.o
                                0x513 (size before relaxing)
 .debug_str     0x0000065d       0xac ./Sources/TFC_Sources/TFC_arm_cm0.o
                                0x256 (size before relaxing)
 .debug_str     0x00000709      0x1c7 ./Sources/TFC_Sources/TFC_UART.o
                                0x66c (size before relaxing)
 .debug_str     0x000008d0      0x1f1 ./Sources/TFC_Sources/TFC_Terminal.o
                                0x3a3 (size before relaxing)
 .debug_str     0x00000ac1       0xac ./Sources/TFC_Sources/TFC_Queue.o
                                0x241 (size before relaxing)
 .debug_str     0x00000b6d      0x141 ./Sources/TFC_Sources/TFC_LineScanCamera.o
                                0x3ed (size before relaxing)
 .debug_str     0x00000cae      0x247 ./Sources/TFC_Sources/TFC_CrystalClock.o
                                0x482 (size before relaxing)
 .debug_str     0x00000ef5       0x73 ./Sources/TFC_Sources/TFC_BoardSupport.o
                                0x2f8 (size before relaxing)
 .debug_str     0x00000f68       0xa2 ./Sources/TFC_Sources/TFC_ARM_SysTick.o
                                0x1dc (size before relaxing)
 .debug_str     0x0000100a      0x20c ./Sources/TFC_Sources/TFC_ADC.o
                                0x7ae (size before relaxing)
 .debug_str     0x00001216       0x2f ./Sources/TFC_Sources/TFC.o
                                0x158 (size before relaxing)
 .debug_str     0x00001245       0x7d ./Sources/TFC_Sources/Servo.o
                                0x544 (size before relaxing)
 .debug_str     0x000012c2       0x49 ./Sources/TFC_Sources/Motor.o
                                0x2d7 (size before relaxing)
 .debug_str     0x0000130b      0x171 ./Sources/main.o
                                0x395 (size before relaxing)
 .debug_str     0x0000147c      0x14e C:/Users/Antonio/Desktop/TFCMexico2014/TFC-Car/CMSIS/Lib/GCC\libarm_cortexM0l_math.a(arm_max_f32.o)
                                0x20c (size before relaxing)
 .debug_str     0x000015ca       0x5d C:/Users/Antonio/Desktop/TFCMexico2014/TFC-Car/CMSIS/Lib/GCC\libarm_cortexM0l_math.a(arm_conv_f32.o)
                                0x202 (size before relaxing)
 .debug_str     0x00001627       0x30 C:/Users/Antonio/Desktop/TFCMexico2014/TFC-Car/CMSIS/Lib/GCC\libarm_cortexM0l_math.a(arm_abs_f32.o)
                                0x1f0 (size before relaxing)
 .debug_str     0x00001657       0x32 C:/Freescale/CW MCU v10.6/MCU/ARM_GCC_Support/ewl/lib/armv6-m\libc.a(sscanf.o)
                                0x161 (size before relaxing)
 .debug_str     0x00001689       0x25 C:/Freescale/CW MCU v10.6/MCU/ARM_GCC_Support/ewl/lib/armv6-m\libc.a(vsprintf.o)
                                0x167 (size before relaxing)
 .debug_str     0x000016ae       0x9c C:/Freescale/CW MCU v10.6/MCU/ARM_GCC_Support/ewl/lib/armv6-m\libc.a(vsscanf.o)
                                0x1e5 (size before relaxing)
 .debug_str     0x0000174a       0x2e C:/Freescale/CW MCU v10.6/MCU/ARM_GCC_Support/ewl/lib/armv6-m\libc.a(exit.o)
                                0x157 (size before relaxing)
 .debug_str     0x00001778       0x23 C:/Freescale/CW MCU v10.6/MCU/ARM_GCC_Support/ewl/lib/armv6-m\libc.a(memcpy.o)
                                0x138 (size before relaxing)
 .debug_str     0x0000179b       0x1c C:/Freescale/CW MCU v10.6/MCU/ARM_GCC_Support/ewl/lib/armv6-m\libc.a(memset.o)
                                0x140 (size before relaxing)
 .debug_str     0x000017b7       0x26 C:/Freescale/CW MCU v10.6/MCU/ARM_GCC_Support/ewl/lib/armv6-m\libc.a(strcmp.o)
                                0x152 (size before relaxing)
 .debug_str     0x000017dd       0x1c C:/Freescale/CW MCU v10.6/MCU/ARM_GCC_Support/ewl/lib/armv6-m\libc.a(strcpy.o)
                                0x142 (size before relaxing)
 .debug_str     0x000017f9       0x1c C:/Freescale/CW MCU v10.6/MCU/ARM_GCC_Support/ewl/lib/armv6-m\libc.a(strlen.o)
                                0x140 (size before relaxing)
 .debug_str     0x00001815      0x21d C:/Freescale/CW MCU v10.6/MCU/ARM_GCC_Support/ewl/lib/armv6-m\libc.a(printformat_.o)
                                0x3b3 (size before relaxing)
 .debug_str     0x00001a32      0x14b C:/Freescale/CW MCU v10.6/MCU/ARM_GCC_Support/ewl/lib/armv6-m\libc.a(scanformat_.o)
                                0x3f9 (size before relaxing)
 .debug_str     0x00001b7d       0x9d C:/Freescale/CW MCU v10.6/MCU/ARM_GCC_Support/ewl/lib/armv6-m\libc.a(ctype_aeabi.o)
                                0x1bc (size before relaxing)
 .debug_str     0x00001c1a       0x7c C:/Freescale/CW MCU v10.6/MCU/ARM_GCC_Support/ewl/lib/armv6-m\libc.a(vsnprintf.o)
                                0x1cc (size before relaxing)
 .debug_str     0x00001c96       0x61 C:/Freescale/CW MCU v10.6/MCU/ARM_GCC_Support/ewl/lib/armv6-m\libc.a(__strtoul.o)
                                0x1fb (size before relaxing)
 .debug_str     0x00001cf7       0x25 C:/Freescale/CW MCU v10.6/MCU/ARM_GCC_Support/ewl/lib/armv6-m\libc.a(__filll_mem.o)
                                0x152 (size before relaxing)
 .debug_str     0x00001d1c       0x1c C:/Freescale/CW MCU v10.6/MCU/ARM_GCC_Support/ewl/lib/armv6-m\libc.a(memchr.o)
                                0x148 (size before relaxing)
 .debug_str     0x00001d38       0x1c C:/Freescale/CW MCU v10.6/MCU/ARM_GCC_Support/ewl/lib/armv6-m\libc.a(strchr.o)
                                0x137 (size before relaxing)
 .debug_str     0x00001d54      0x126 C:/Freescale/CW MCU v10.6/MCU/ARM_GCC_Support/ewl/lib/armv6-m\librt.a(gcc_ctor_dtor.o)
                                0x181 (size before relaxing)
 .debug_str     0x00001e7a       0x9c C:/Freescale/CW MCU v10.6/MCU/ARM_GCC_Support/ewl/lib/armv6-m\librt.a(ROMCopy.o)
                                0x13c (size before relaxing)
 .debug_str     0x00001f16       0xf8 C:/Freescale/CW MCU v10.6/MCU/ARM_GCC_Support/ewl/lib/armv6-m\librt.a(__arm_eabi_init.o)
                                0x1b5 (size before relaxing)

.comment        0x00000000       0xe9
 .comment       0x00000000       0x79 ./Project_Settings/Startup_Code/kinetis_sysinit.o
                                 0x7a (size before relaxing)
 .comment       0x00000000       0x7a ./Project_Settings/Startup_Code/__arm_start.o
 .comment       0x00000000       0x7a ./Project_Settings/Startup_Code/__arm_end.o
 .comment       0x00000000       0x7a ./Sources/TFC_Sources/TPM2.o
 .comment       0x00000000       0x7a ./Sources/TFC_Sources/TFC_arm_cm0.o
 .comment       0x00000000       0x7a ./Sources/TFC_Sources/TFC_UART.o
 .comment       0x00000000       0x7a ./Sources/TFC_Sources/TFC_Terminal.o
 .comment       0x00000000       0x7a ./Sources/TFC_Sources/TFC_Queue.o
 .comment       0x00000000       0x7a ./Sources/TFC_Sources/TFC_LineScanCamera.o
 .comment       0x00000000       0x7a ./Sources/TFC_Sources/TFC_CrystalClock.o
 .comment       0x00000000       0x7a ./Sources/TFC_Sources/TFC_BoardSupport.o
 .comment       0x00000000       0x7a ./Sources/TFC_Sources/TFC_ARM_SysTick.o
 .comment       0x00000000       0x7a ./Sources/TFC_Sources/TFC_ADC.o
 .comment       0x00000000       0x7a ./Sources/TFC_Sources/TFC.o
 .comment       0x00000000       0x7a ./Sources/TFC_Sources/Servo.o
 .comment       0x00000000       0x7a ./Sources/TFC_Sources/Motor.o
 .comment       0x00000000       0x7a ./Sources/main.o
 .comment       0x00000079       0x70 C:/Users/Antonio/Desktop/TFCMexico2014/TFC-Car/CMSIS/Lib/GCC\libarm_cortexM0l_math.a(arm_max_f32.o)
                                 0x71 (size before relaxing)
 .comment       0x00000000       0x71 C:/Users/Antonio/Desktop/TFCMexico2014/TFC-Car/CMSIS/Lib/GCC\libarm_cortexM0l_math.a(arm_conv_f32.o)
 .comment       0x00000000       0x71 C:/Users/Antonio/Desktop/TFCMexico2014/TFC-Car/CMSIS/Lib/GCC\libarm_cortexM0l_math.a(arm_abs_f32.o)
 .comment       0x00000000       0x7a C:/Freescale/CW MCU v10.6/MCU/ARM_GCC_Support/ewl/lib/armv6-m\libc.a(sscanf.o)
 .comment       0x00000000       0x7a C:/Freescale/CW MCU v10.6/MCU/ARM_GCC_Support/ewl/lib/armv6-m\libc.a(vsprintf.o)
 .comment       0x00000000       0x7a C:/Freescale/CW MCU v10.6/MCU/ARM_GCC_Support/ewl/lib/armv6-m\libc.a(vsscanf.o)
 .comment       0x00000000       0x7a C:/Freescale/CW MCU v10.6/MCU/ARM_GCC_Support/ewl/lib/armv6-m\libc.a(exit.o)
 .comment       0x00000000       0x7a C:/Freescale/CW MCU v10.6/MCU/ARM_GCC_Support/ewl/lib/armv6-m\libc.a(memcpy.o)
 .comment       0x00000000       0x7a C:/Freescale/CW MCU v10.6/MCU/ARM_GCC_Support/ewl/lib/armv6-m\libc.a(memset.o)
 .comment       0x00000000       0x7a C:/Freescale/CW MCU v10.6/MCU/ARM_GCC_Support/ewl/lib/armv6-m\libc.a(strcmp.o)
 .comment       0x00000000       0x7a C:/Freescale/CW MCU v10.6/MCU/ARM_GCC_Support/ewl/lib/armv6-m\libc.a(strcpy.o)
 .comment       0x00000000       0x7a C:/Freescale/CW MCU v10.6/MCU/ARM_GCC_Support/ewl/lib/armv6-m\libc.a(strlen.o)
 .comment       0x00000000       0x7a C:/Freescale/CW MCU v10.6/MCU/ARM_GCC_Support/ewl/lib/armv6-m\libc.a(printformat_.o)
 .comment       0x00000000       0x7a C:/Freescale/CW MCU v10.6/MCU/ARM_GCC_Support/ewl/lib/armv6-m\libc.a(scanformat_.o)
 .comment       0x00000000       0x7a C:/Freescale/CW MCU v10.6/MCU/ARM_GCC_Support/ewl/lib/armv6-m\libc.a(ctype_aeabi.o)
 .comment       0x00000000       0x7a C:/Freescale/CW MCU v10.6/MCU/ARM_GCC_Support/ewl/lib/armv6-m\libc.a(vsnprintf.o)
 .comment       0x00000000       0x7a C:/Freescale/CW MCU v10.6/MCU/ARM_GCC_Support/ewl/lib/armv6-m\libc.a(__strtoul.o)
 .comment       0x00000000       0x7a C:/Freescale/CW MCU v10.6/MCU/ARM_GCC_Support/ewl/lib/armv6-m\libc.a(__filll_mem.o)
 .comment       0x00000000       0x7a C:/Freescale/CW MCU v10.6/MCU/ARM_GCC_Support/ewl/lib/armv6-m\libc.a(memchr.o)
 .comment       0x00000000       0x7a C:/Freescale/CW MCU v10.6/MCU/ARM_GCC_Support/ewl/lib/armv6-m\libc.a(strchr.o)
 .comment       0x00000000       0x7a C:/Freescale/CW MCU v10.6/MCU/ARM_GCC_Support/ewl/lib/armv6-m\librt.a(gcc_ctor_dtor.o)
 .comment       0x00000000       0x7a C:/Freescale/CW MCU v10.6/MCU/ARM_GCC_Support/ewl/lib/armv6-m\librt.a(ROMCopy.o)
 .comment       0x00000000       0x7a C:/Freescale/CW MCU v10.6/MCU/ARM_GCC_Support/ewl/lib/armv6-m\librt.a(__arm_eabi_init.o)

.debug_frame    0x00000000     0x165c
 .debug_frame   0x00000000       0x48 ./Project_Settings/Startup_Code/kinetis_sysinit.o
 .debug_frame   0x00000048       0x4c ./Project_Settings/Startup_Code/__arm_start.o
 .debug_frame   0x00000094       0x30 ./Project_Settings/Startup_Code/__arm_end.o
 .debug_frame   0x000000c4       0x48 ./Sources/TFC_Sources/TPM2.o
 .debug_frame   0x0000010c       0xc8 ./Sources/TFC_Sources/TFC_arm_cm0.o
 .debug_frame   0x000001d4       0xe8 ./Sources/TFC_Sources/TFC_UART.o
 .debug_frame   0x000002bc      0x148 ./Sources/TFC_Sources/TFC_Terminal.o
 .debug_frame   0x00000404       0xf0 ./Sources/TFC_Sources/TFC_Queue.o
 .debug_frame   0x000004f4       0x4c ./Sources/TFC_Sources/TFC_LineScanCamera.o
 .debug_frame   0x00000540      0x38c ./Sources/TFC_Sources/TFC_CrystalClock.o
 .debug_frame   0x000008cc       0x6c ./Sources/TFC_Sources/TFC_BoardSupport.o
 .debug_frame   0x00000938       0x70 ./Sources/TFC_Sources/TFC_ARM_SysTick.o
 .debug_frame   0x000009a8      0x124 ./Sources/TFC_Sources/TFC_ADC.o
 .debug_frame   0x00000acc       0x48 ./Sources/TFC_Sources/TFC.o
 .debug_frame   0x00000b14       0x88 ./Sources/TFC_Sources/Servo.o
 .debug_frame   0x00000b9c       0x50 ./Sources/TFC_Sources/Motor.o
 .debug_frame   0x00000bec       0x90 ./Sources/main.o
 .debug_frame   0x00000c7c       0x3c C:/Users/Antonio/Desktop/TFCMexico2014/TFC-Car/CMSIS/Lib/GCC\libarm_cortexM0l_math.a(arm_max_f32.o)
 .debug_frame   0x00000cb8       0x3c C:/Users/Antonio/Desktop/TFCMexico2014/TFC-Car/CMSIS/Lib/GCC\libarm_cortexM0l_math.a(arm_conv_f32.o)
 .debug_frame   0x00000cf4       0x2c C:/Users/Antonio/Desktop/TFCMexico2014/TFC-Car/CMSIS/Lib/GCC\libarm_cortexM0l_math.a(arm_abs_f32.o)
 .debug_frame   0x00000d20       0x2c C:/Freescale/CW MCU v10.6/MCU/ARM_GCC_Support/ewl/lib/armv6-m\libc.a(sscanf.o)
 .debug_frame   0x00000d4c       0x28 C:/Freescale/CW MCU v10.6/MCU/ARM_GCC_Support/ewl/lib/armv6-m\libc.a(vsprintf.o)
 .debug_frame   0x00000d74       0x48 C:/Freescale/CW MCU v10.6/MCU/ARM_GCC_Support/ewl/lib/armv6-m\libc.a(vsscanf.o)
 .debug_frame   0x00000dbc       0x2c C:/Freescale/CW MCU v10.6/MCU/ARM_GCC_Support/ewl/lib/armv6-m\libc.a(exit.o)
 .debug_frame   0x00000de8       0x28 C:/Freescale/CW MCU v10.6/MCU/ARM_GCC_Support/ewl/lib/armv6-m\libc.a(memcpy.o)
 .debug_frame   0x00000e10       0x28 C:/Freescale/CW MCU v10.6/MCU/ARM_GCC_Support/ewl/lib/armv6-m\libc.a(memset.o)
 .debug_frame   0x00000e38       0x28 C:/Freescale/CW MCU v10.6/MCU/ARM_GCC_Support/ewl/lib/armv6-m\libc.a(strcmp.o)
 .debug_frame   0x00000e60       0x28 C:/Freescale/CW MCU v10.6/MCU/ARM_GCC_Support/ewl/lib/armv6-m\libc.a(strcpy.o)
 .debug_frame   0x00000e88       0x28 C:/Freescale/CW MCU v10.6/MCU/ARM_GCC_Support/ewl/lib/armv6-m\libc.a(strlen.o)
 .debug_frame   0x00000eb0       0x54 C:/Freescale/CW MCU v10.6/MCU/ARM_GCC_Support/ewl/lib/armv6-m\libc.a(printformat_.o)
 .debug_frame   0x00000f04       0x34 C:/Freescale/CW MCU v10.6/MCU/ARM_GCC_Support/ewl/lib/armv6-m\libc.a(scanformat_.o)
 .debug_frame   0x00000f38      0x158 C:/Freescale/CW MCU v10.6/MCU/ARM_GCC_Support/ewl/lib/armv6-m\libc.a(ctype_aeabi.o)
 .debug_frame   0x00001090       0x4c C:/Freescale/CW MCU v10.6/MCU/ARM_GCC_Support/ewl/lib/armv6-m\libc.a(vsnprintf.o)
 .debug_frame   0x000010dc       0x30 C:/Freescale/CW MCU v10.6/MCU/ARM_GCC_Support/ewl/lib/armv6-m\libc.a(__strtoul.o)
 .debug_frame   0x0000110c       0x2c C:/Freescale/CW MCU v10.6/MCU/ARM_GCC_Support/ewl/lib/armv6-m\libc.a(__filll_mem.o)
 .debug_frame   0x00001138       0x28 C:/Freescale/CW MCU v10.6/MCU/ARM_GCC_Support/ewl/lib/armv6-m\libc.a(memchr.o)
 .debug_frame   0x00001160       0x28 C:/Freescale/CW MCU v10.6/MCU/ARM_GCC_Support/ewl/lib/armv6-m\libc.a(strchr.o)
 .debug_frame   0x00001188       0x20 c:/freescale/cw mcu v10.6/cross_tools/arm-none-eabi-gcc-4_7_3/bin/../lib/gcc/arm-none-eabi/4.7.3/armv6-m\libgcc.a(_udivsi3.o)
 .debug_frame   0x000011a8       0x20 c:/freescale/cw mcu v10.6/cross_tools/arm-none-eabi-gcc-4_7_3/bin/../lib/gcc/arm-none-eabi/4.7.3/armv6-m\libgcc.a(_divsi3.o)
 .debug_frame   0x000011c8       0x28 c:/freescale/cw mcu v10.6/cross_tools/arm-none-eabi-gcc-4_7_3/bin/../lib/gcc/arm-none-eabi/4.7.3/armv6-m\libgcc.a(_fixunssfsi.o)
 .debug_frame   0x000011f0       0x30 c:/freescale/cw mcu v10.6/cross_tools/arm-none-eabi-gcc-4_7_3/bin/../lib/gcc/arm-none-eabi/4.7.3/armv6-m\libgcc.a(addsf3.o)
 .debug_frame   0x00001220       0x3c c:/freescale/cw mcu v10.6/cross_tools/arm-none-eabi-gcc-4_7_3/bin/../lib/gcc/arm-none-eabi/4.7.3/armv6-m\libgcc.a(divsf3.o)
 .debug_frame   0x0000125c       0x2c c:/freescale/cw mcu v10.6/cross_tools/arm-none-eabi-gcc-4_7_3/bin/../lib/gcc/arm-none-eabi/4.7.3/armv6-m\libgcc.a(eqsf2.o)
 .debug_frame   0x00001288       0x30 c:/freescale/cw mcu v10.6/cross_tools/arm-none-eabi-gcc-4_7_3/bin/../lib/gcc/arm-none-eabi/4.7.3/armv6-m\libgcc.a(gesf2.o)
 .debug_frame   0x000012b8       0x30 c:/freescale/cw mcu v10.6/cross_tools/arm-none-eabi-gcc-4_7_3/bin/../lib/gcc/arm-none-eabi/4.7.3/armv6-m\libgcc.a(lesf2.o)
 .debug_frame   0x000012e8       0x3c c:/freescale/cw mcu v10.6/cross_tools/arm-none-eabi-gcc-4_7_3/bin/../lib/gcc/arm-none-eabi/4.7.3/armv6-m\libgcc.a(mulsf3.o)
 .debug_frame   0x00001324       0x30 c:/freescale/cw mcu v10.6/cross_tools/arm-none-eabi-gcc-4_7_3/bin/../lib/gcc/arm-none-eabi/4.7.3/armv6-m\libgcc.a(subsf3.o)
 .debug_frame   0x00001354       0x28 c:/freescale/cw mcu v10.6/cross_tools/arm-none-eabi-gcc-4_7_3/bin/../lib/gcc/arm-none-eabi/4.7.3/armv6-m\libgcc.a(fixsfsi.o)
 .debug_frame   0x0000137c       0x2c c:/freescale/cw mcu v10.6/cross_tools/arm-none-eabi-gcc-4_7_3/bin/../lib/gcc/arm-none-eabi/4.7.3/armv6-m\libgcc.a(floatsisf.o)
 .debug_frame   0x000013a8       0x28 c:/freescale/cw mcu v10.6/cross_tools/arm-none-eabi-gcc-4_7_3/bin/../lib/gcc/arm-none-eabi/4.7.3/armv6-m\libgcc.a(floatunsisf.o)
 .debug_frame   0x000013d0       0x3c c:/freescale/cw mcu v10.6/cross_tools/arm-none-eabi-gcc-4_7_3/bin/../lib/gcc/arm-none-eabi/4.7.3/armv6-m\libgcc.a(adddf3.o)
 .debug_frame   0x0000140c       0x3c c:/freescale/cw mcu v10.6/cross_tools/arm-none-eabi-gcc-4_7_3/bin/../lib/gcc/arm-none-eabi/4.7.3/armv6-m\libgcc.a(divdf3.o)
 .debug_frame   0x00001448       0x3c c:/freescale/cw mcu v10.6/cross_tools/arm-none-eabi-gcc-4_7_3/bin/../lib/gcc/arm-none-eabi/4.7.3/armv6-m\libgcc.a(muldf3.o)
 .debug_frame   0x00001484       0x2c c:/freescale/cw mcu v10.6/cross_tools/arm-none-eabi-gcc-4_7_3/bin/../lib/gcc/arm-none-eabi/4.7.3/armv6-m\libgcc.a(floatunsidf.o)
 .debug_frame   0x000014b0       0x2c c:/freescale/cw mcu v10.6/cross_tools/arm-none-eabi-gcc-4_7_3/bin/../lib/gcc/arm-none-eabi/4.7.3/armv6-m\libgcc.a(extendsfdf2.o)
 .debug_frame   0x000014dc       0x30 c:/freescale/cw mcu v10.6/cross_tools/arm-none-eabi-gcc-4_7_3/bin/../lib/gcc/arm-none-eabi/4.7.3/armv6-m\libgcc.a(truncdfsf2.o)
 .debug_frame   0x0000150c       0x40 C:/Freescale/CW MCU v10.6/MCU/ARM_GCC_Support/ewl/lib/armv6-m\librt.a(gcc_ctor_dtor.o)
 .debug_frame   0x0000154c       0x54 C:/Freescale/CW MCU v10.6/MCU/ARM_GCC_Support/ewl/lib/armv6-m\librt.a(ROMCopy.o)
 .debug_frame   0x000015a0       0xbc C:/Freescale/CW MCU v10.6/MCU/ARM_GCC_Support/ewl/lib/armv6-m\librt.a(__arm_eabi_init.o)

.debug_ranges   0x00000000       0x30
 .debug_ranges  0x00000000       0x10 C:/Users/Antonio/Desktop/TFCMexico2014/TFC-Car/CMSIS/Lib/GCC\libarm_cortexM0l_math.a(arm_max_f32.o)
 .debug_ranges  0x00000010       0x10 C:/Users/Antonio/Desktop/TFCMexico2014/TFC-Car/CMSIS/Lib/GCC\libarm_cortexM0l_math.a(arm_conv_f32.o)
 .debug_ranges  0x00000020       0x10 C:/Users/Antonio/Desktop/TFCMexico2014/TFC-Car/CMSIS/Lib/GCC\libarm_cortexM0l_math.a(arm_abs_f32.o)
